Component: ARM Compiler 5.06 update 7 (build 960) Tool: armlink [4d3601]

==============================================================================

Section Cross References

    startup_stm32h750xx.o(STACK) refers (Special) to heapauxi.o(.text) for __use_two_region_memory
    startup_stm32h750xx.o(HEAP) refers (Special) to heapauxi.o(.text) for __use_two_region_memory
    startup_stm32h750xx.o(RESET) refers (Special) to heapauxi.o(.text) for __use_two_region_memory
    startup_stm32h750xx.o(RESET) refers to startup_stm32h750xx.o(STACK) for __initial_sp
    startup_stm32h750xx.o(RESET) refers to startup_stm32h750xx.o(.text) for Reset_Handler
    startup_stm32h750xx.o(RESET) refers to stm32h7xx_it.o(i.NMI_Handler) for NMI_Handler
    startup_stm32h750xx.o(RESET) refers to stm32h7xx_it.o(i.HardFault_Handler) for HardFault_Handler
    startup_stm32h750xx.o(RESET) refers to stm32h7xx_it.o(i.MemManage_Handler) for MemManage_Handler
    startup_stm32h750xx.o(RESET) refers to stm32h7xx_it.o(i.BusFault_Handler) for BusFault_Handler
    startup_stm32h750xx.o(RESET) refers to stm32h7xx_it.o(i.UsageFault_Handler) for UsageFault_Handler
    startup_stm32h750xx.o(RESET) refers to port.o(.emb_text) for SVC_Handler
    startup_stm32h750xx.o(RESET) refers to stm32h7xx_it.o(i.DebugMon_Handler) for DebugMon_Handler
    startup_stm32h750xx.o(RESET) refers to port.o(i.SysTick_Handler) for SysTick_Handler
    startup_stm32h750xx.o(RESET) refers to stm32h7xx_it.o(i.DMA1_Stream2_IRQHandler) for DMA1_Stream2_IRQHandler
    startup_stm32h750xx.o(RESET) refers to stm32h7xx_it.o(i.TIM1_UP_IRQHandler) for TIM1_UP_IRQHandler
    startup_stm32h750xx.o(RESET) refers to stm32h7xx_it.o(i.SDMMC1_IRQHandler) for SDMMC1_IRQHandler
    startup_stm32h750xx.o(.text) refers (Special) to heapauxi.o(.text) for __use_two_region_memory
    startup_stm32h750xx.o(.text) refers to system_stm32h7xx.o(i.SystemInit) for SystemInit
    startup_stm32h750xx.o(.text) refers to __main.o(!!!main) for __main
    startup_stm32h750xx.o(.text) refers to startup_stm32h750xx.o(HEAP) for Heap_Mem
    startup_stm32h750xx.o(.text) refers to startup_stm32h750xx.o(STACK) for Stack_Mem
    myvs1053b.o(i.HardReset) refers to stm32h7xx_hal_gpio.o(i.HAL_GPIO_WritePin) for HAL_GPIO_WritePin
    myvs1053b.o(i.HardReset) refers to cmsis_os.o(i.osDelay) for osDelay
    myvs1053b.o(i.HardReset) refers to stm32h7xx_hal_gpio.o(i.HAL_GPIO_ReadPin) for HAL_GPIO_ReadPin
    myvs1053b.o(i.HardReset) refers to myvs1053b.o(i.WriteSCI_Reg16) for WriteSCI_Reg16
    myvs1053b.o(i.HardReset) refers to myvs1053b.o(i.WriteSCI_RegV2) for WriteSCI_RegV2
    myvs1053b.o(i.ReadSCI_RegV2) refers to stm32h7xx_hal_gpio.o(i.HAL_GPIO_WritePin) for HAL_GPIO_WritePin
    myvs1053b.o(i.ReadSCI_RegV2) refers to myspi.o(i.SPI1InitFullDuplexV2) for SPI1InitFullDuplexV2
    myvs1053b.o(i.ReadSCI_RegV2) refers to myspi.o(i.SPI1_DMA_TransmitReceiveV2) for SPI1_DMA_TransmitReceiveV2
    myvs1053b.o(i.ReadSCI_RegV2) refers to stm32h7xx_hal_gpio.o(i.HAL_GPIO_ReadPin) for HAL_GPIO_ReadPin
    myvs1053b.o(i.SineTest) refers to stm32h7xx_hal_gpio.o(i.HAL_GPIO_WritePin) for HAL_GPIO_WritePin
    myvs1053b.o(i.SineTest) refers to cmsis_os.o(i.osDelay) for osDelay
    myvs1053b.o(i.SineTest) refers to stm32h7xx_hal_gpio.o(i.HAL_GPIO_ReadPin) for HAL_GPIO_ReadPin
    myvs1053b.o(i.SineTest) refers to myvs1053b.o(i.WriteSCI_RegV2) for WriteSCI_RegV2
    myvs1053b.o(i.SineTest) refers to myvs1053b.o(i.WriteSCI_Reg16) for WriteSCI_Reg16
    myvs1053b.o(i.SineTest) refers to myspi.o(i.SPI1_DMA_TransmitV2) for SPI1_DMA_TransmitV2
    myvs1053b.o(i.SoftReset) refers to myvs1053b.o(i.WriteSCI_Reg16) for WriteSCI_Reg16
    myvs1053b.o(i.SoftReset) refers to cmsis_os.o(i.osDelay) for osDelay
    myvs1053b.o(i.SoftReset) refers to stm32h7xx_hal_gpio.o(i.HAL_GPIO_ReadPin) for HAL_GPIO_ReadPin
    myvs1053b.o(i.WaitDREQ) refers to stm32h7xx_hal_gpio.o(i.HAL_GPIO_ReadPin) for HAL_GPIO_ReadPin
    myvs1053b.o(i.WaitDREQ) refers to cmsis_os.o(i.osDelay) for osDelay
    myvs1053b.o(i.WriteSCI_Reg16) refers to stm32h7xx_hal_gpio.o(i.HAL_GPIO_WritePin) for HAL_GPIO_WritePin
    myvs1053b.o(i.WriteSCI_Reg16) refers to myspi.o(i.SPI1InitSimplexTransmitterV2) for SPI1InitSimplexTransmitterV2
    myvs1053b.o(i.WriteSCI_Reg16) refers to myspi.o(i.SPI1_DMA_TransmitV2) for SPI1_DMA_TransmitV2
    myvs1053b.o(i.WriteSCI_Reg16) refers to stm32h7xx_hal_gpio.o(i.HAL_GPIO_ReadPin) for HAL_GPIO_ReadPin
    myvs1053b.o(i.WriteSCI_RegV2) refers to stm32h7xx_hal_gpio.o(i.HAL_GPIO_WritePin) for HAL_GPIO_WritePin
    myvs1053b.o(i.WriteSCI_RegV2) refers to myspi.o(i.SPI1InitSimplexTransmitterV2) for SPI1InitSimplexTransmitterV2
    myvs1053b.o(i.WriteSCI_RegV2) refers to myspi.o(i.SPI1_DMA_TransmitV2) for SPI1_DMA_TransmitV2
    myvs1053b.o(i.WriteSCI_RegV2) refers to stm32h7xx_hal_gpio.o(i.HAL_GPIO_ReadPin) for HAL_GPIO_ReadPin
    myspi.o(i.SPI1InitFullDuplexV2) refers to myspi.o(i.__NVIC_DisableIRQ) for __NVIC_DisableIRQ
[...]
    TIM8_UP_TIM13_IRQHandler                 0x08000453   Thumb Code     0  startup_stm32h750xx.o(.text)
    UART4_IRQHandler                         0x08000453   Thumb Code     0  startup_stm32h750xx.o(.text)
    UART5_IRQHandler                         0x08000453   Thumb Code     0  startup_stm32h750xx.o(.text)
    UART7_IRQHandler                         0x08000453   Thumb Code     0  startup_stm32h750xx.o(.text)
    UART8_IRQHandler                         0x08000453   Thumb Code     0  startup_stm32h750xx.o(.text)
    USART1_IRQHandler                        0x08000453   Thumb Code     0  startup_stm32h750xx.o(.text)
    USART2_IRQHandler                        0x08000453   Thumb Code     0  startup_stm32h750xx.o(.text)
    USART3_IRQHandler                        0x08000453   Thumb Code     0  startup_stm32h750xx.o(.text)
    USART6_IRQHandler                        0x08000453   Thumb Code     0  startup_stm32h750xx.o(.text)
    WAKEUP_PIN_IRQHandler                    0x08000453   Thumb Code     0  startup_stm32h750xx.o(.text)
    WWDG_IRQHandler                          0x08000453   Thumb Code     0  startup_stm32h750xx.o(.text)
    __user_initial_stackheap                 0x08000455   Thumb Code     0  startup_stm32h750xx.o(.text)
    __aeabi_uldivmod                         0x08000479   Thumb Code     0  lludivv7m.o(.text)
    _ll_udiv                                 0x08000479   Thumb Code   238  lludivv7m.o(.text)
    __aeabi_memcpy                           0x08000567   Thumb Code     0  rt_memcpy_v6.o(.text)
    __rt_memcpy                              0x08000567   Thumb Code   138  rt_memcpy_v6.o(.text)
    _memcpy_lastbytes                        0x080005cd   Thumb Code     0  rt_memcpy_v6.o(.text)
    __aeabi_memcpy4                          0x080005f1   Thumb Code     0  rt_memcpy_w.o(.text)
    __aeabi_memcpy8                          0x080005f1   Thumb Code     0  rt_memcpy_w.o(.text)
    __rt_memcpy_w                            0x080005f1   Thumb Code   100  rt_memcpy_w.o(.text)
    _memcpy_lastbytes_aligned                0x08000639   Thumb Code     0  rt_memcpy_w.o(.text)
    __aeabi_memclr4                          0x08000655   Thumb Code     0  rt_memclr_w.o(.text)
    __aeabi_memclr8                          0x08000655   Thumb Code     0  rt_memclr_w.o(.text)
    __rt_memclr_w                            0x08000655   Thumb Code    78  rt_memclr_w.o(.text)
    _memset_w                                0x08000659   Thumb Code     0  rt_memclr_w.o(.text)
    __use_two_region_memory                  0x080006a3   Thumb Code     2  heapauxi.o(.text)
    __rt_heap_escrow$2region                 0x080006a5   Thumb Code     2  heapauxi.o(.text)
    __rt_heap_expand$2region                 0x080006a7   Thumb Code     2  heapauxi.o(.text)
    __user_setup_stackheap                   0x080006a9   Thumb Code    74  sys_stackheap_outer.o(.text)
    exit                                     0x080006f3   Thumb Code    18  exit.o(.text)
    __user_libspace                          0x08000705   Thumb Code     8  libspace.o(.text)
    __user_perproc_libspace                  0x08000705   Thumb Code     0  libspace.o(.text)
    __user_perthread_libspace                0x08000705   Thumb Code     0  libspace.o(.text)
    _sys_exit                                0x0800070d   Thumb Code     8  sys_exit.o(.text)
    __I$use$semihosting                      0x08000719   Thumb Code     0  use_no_semi.o(.text)
    __use_no_semihosting_swi                 0x08000719   Thumb Code     2  use_no_semi.o(.text)
    __semihosting_library_function           0x0800071b   Thumb Code     0  indicate_semi.o(.text)
    BSP_SD_GetCardInfo                       0x0800071d   Thumb Code    14  bsp_driver_sd.o(i.BSP_SD_GetCardInfo)
    BSP_SD_GetCardState                      0x08000731   Thumb Code    20  bsp_driver_sd.o(i.BSP_SD_GetCardState)
    BSP_SD_Init                              0x08000749   Thumb Code    44  bsp_driver_sd.o(i.BSP_SD_Init)
    BSP_SD_IsDetected                        0x08000779   Thumb Code    12  bsp_driver_sd.o(i.BSP_SD_IsDetected)
    BSP_SD_ReadBlocks_DMA                    0x08000785   Thumb Code    34  bsp_driver_sd.o(i.BSP_SD_ReadBlocks_DMA)
    BSP_SD_ReadCpltCallback                  0x080007ad   Thumb Code    16  sd_diskio.o(i.BSP_SD_ReadCpltCallback)
    BSP_SD_WriteBlocks_DMA                   0x080007c1   Thumb Code    34  bsp_driver_sd.o(i.BSP_SD_WriteBlocks_DMA)
    BSP_SD_WriteCpltCallback                 0x080007e9   Thumb Code    16  sd_diskio.o(i.BSP_SD_WriteCpltCallback)
    BusFault_Handler                         0x080007fd   Thumb Code     4  stm32h7xx_it.o(i.BusFault_Handler)
    DMA1_Stream2_IRQHandler                  0x08000801   Thumb Code    52  stm32h7xx_it.o(i.DMA1_Stream2_IRQHandler)
    DebugMon_Handler                         0x08000845   Thumb Code     2  stm32h7xx_it.o(i.DebugMon_Handler)
    DisplOff                                 0x08000849   Thumb Code    20  spi_ili9341.o(i.DisplOff)
    DisplOn                                  0x08000861   Thumb Code    20  spi_ili9341.o(i.DisplOn)
    DrawBar                                  0x08000879   Thumb Code   398  spi_ili9341.o(i.DrawBar)
    DrawBar32                                0x08000a07   Thumb Code   360  spi_ili9341.o(i.DrawBar32)
    DrawMinusBtn                             0x08000b71   Thumb Code   160  spi_ili9341.o(i.DrawMinusBtn)
    DrawPictureToBuf                         0x08000c15   Thumb Code   148  spi_ili9341.o(i.DrawPictureToBuf)
    DrawPlusBtn                              0x08000ca9   Thumb Code   160  spi_ili9341.o(i.DrawPlusBtn)
    DrawVolToFrameBuf                        0x08000d4d   Thumb Code   382  spi_ili9341.o(i.DrawVolToFrameBuf)
    Error_Handler                            0x08000ed5   Thumb Code     6  main.o(i.Error_Handler)
    FATFS_LinkDriver                         0x08000edb   Thumb Code    18  ff_gen_drv.o(i.FATFS_LinkDriver)
    FATFS_LinkDriverEx                       0x08000eed   Thumb Code    78  ff_gen_drv.o(i.FATFS_LinkDriverEx)
    FileManager                              0x08000f41   Thumb Code   616  spi_ili9341.o(i.FileManager)
    GetItemNumberInThisDir                   0x080011f5   Thumb Code    84  spi_ili9341.o(i.GetItemNumberInThisDir)
    HAL_Delay                                0x0800124d   Thumb Code    36  stm32h7xx_hal.o(i.HAL_Delay)
    HAL_GPIO_Init                            0x08001275   Thumb Code   456  stm32h7xx_hal_gpio.o(i.HAL_GPIO_Init)
    HAL_GPIO_ReadPin                         0x08001471   Thumb Code    16  stm32h7xx_hal_gpio.o(i.HAL_GPIO_ReadPin)
    HAL_GPIO_WritePin                        0x08001481   Thumb Code    12  stm32h7xx_hal_gpio.o(i.HAL_GPIO_WritePin)
    HAL_GetREVID                             0x0800148d   Thumb Code     8  stm32h7xx_hal.o(i.HAL_GetREVID)
    HAL_GetTick                              0x08001499   Thumb Code     6  stm32h7xx_hal.o(i.HAL_GetTick)
    HAL_IncTick                              0x080014a5   Thumb Code    16  stm32h7xx_hal.o(i.HAL_IncTick)
    HAL_Init                                 0x080014bd   Thumb Code    80  stm32h7xx_hal.o(i.HAL_Init)
    HAL_InitTick                             0x0800151d   Thumb Code   128  stm32h7xx_hal_timebase_tim.o(i.HAL_InitTick)
    HAL_MspInit                              0x080015b1   Thumb Code    42  stm32h7xx_hal_msp.o(i.HAL_MspInit)
    HAL_NVIC_EnableIRQ                       0x080015e1   Thumb Code    40  stm32h7xx_hal_cortex.o(i.HAL_NVIC_EnableIRQ)
    HAL_NVIC_SetPriority                     0x08001609   Thumb Code   122  stm32h7xx_hal_cortex.o(i.HAL_NVIC_SetPriority)
    HAL_NVIC_SetPriorityGrouping             0x08001685   Thumb Code    32  stm32h7xx_hal_cortex.o(i.HAL_NVIC_SetPriorityGrouping)
    HAL_PWREx_ConfigSupply                   0x080016ad   Thumb Code    90  stm32h7xx_hal_pwr_ex.o(i.HAL_PWREx_ConfigSupply)
    HAL_RCCEx_GetD3PCLK1Freq                 0x0800170d   Thumb Code    26  stm32h7xx_hal_rcc_ex.o(i.HAL_RCCEx_GetD3PCLK1Freq)
    HAL_RCCEx_GetPLL1ClockFreq               0x08001731   Thumb Code   536  stm32h7xx_hal_rcc_ex.o(i.HAL_RCCEx_GetPLL1ClockFreq)
    HAL_RCCEx_GetPLL2ClockFreq               0x08001961   Thumb Code   536  stm32h7xx_hal_rcc_ex.o(i.HAL_RCCEx_GetPLL2ClockFreq)
    HAL_RCCEx_GetPLL3ClockFreq               0x08001b91   Thumb Code   536  stm32h7xx_hal_rcc_ex.o(i.HAL_RCCEx_GetPLL3ClockFreq)
    HAL_RCCEx_GetPeriphCLKFreq               0x08001dc1   Thumb Code  1856  stm32h7xx_hal_rcc_ex.o(i.HAL_RCCEx_GetPeriphCLKFreq)
    HAL_RCCEx_PeriphCLKConfig                0x08002515   Thumb Code  2910  stm32h7xx_hal_rcc_ex.o(i.HAL_RCCEx_PeriphCLKConfig)
    HAL_RCC_ClockConfig                      0x08003079   Thumb Code   774  stm32h7xx_hal_rcc.o(i.HAL_RCC_ClockConfig)
    HAL_RCC_GetClockConfig                   0x08003399   Thumb Code    98  stm32h7xx_hal_rcc.o(i.HAL_RCC_GetClockConfig)
    HAL_RCC_GetHCLKFreq                      0x08003405   Thumb Code    60  stm32h7xx_hal_rcc.o(i.HAL_RCC_GetHCLKFreq)
    HAL_RCC_GetPCLK2Freq                     0x08003451   Thumb Code    26  stm32h7xx_hal_rcc.o(i.HAL_RCC_GetPCLK2Freq)
    HAL_RCC_GetSysClockFreq                  0x08003475   Thumb Code   524  stm32h7xx_hal_rcc.o(i.HAL_RCC_GetSysClockFreq)
    HAL_RCC_OscConfig                        0x080036a1   Thumb Code  2048  stm32h7xx_hal_rcc.o(i.HAL_RCC_OscConfig)
    HAL_SDEx_Read_DMADoubleBuf0CpltCallback  0x08003ea1   Thumb Code     2  stm32h7xx_hal_sd.o(i.HAL_SDEx_Read_DMADoubleBuf0CpltCallback)
    HAL_SDEx_Read_DMADoubleBuf1CpltCallback  0x08003ea3   Thumb Code     2  stm32h7xx_hal_sd.o(i.HAL_SDEx_Read_DMADoubleBuf1CpltCallback)
    HAL_SDEx_Write_DMADoubleBuf0CpltCallback 0x08003ea5   Thumb Code     2  stm32h7xx_hal_sd.o(i.HAL_SDEx_Write_DMADoubleBuf0CpltCallback)
    HAL_SDEx_Write_DMADoubleBuf1CpltCallback 0x08003ea7   Thumb Code     2  stm32h7xx_hal_sd.o(i.HAL_SDEx_Write_DMADoubleBuf1CpltCallback)
    HAL_SD_ConfigWideBusOperation            0x08003ea9   Thumb Code   370  stm32h7xx_hal_sd.o(i.HAL_SD_ConfigWideBusOperation)
    HAL_SD_ErrorCallback                     0x08004029   Thumb Code     2  stm32h7xx_hal_sd.o(i.HAL_SD_ErrorCallback)
    HAL_SD_GetCardCSD                        0x0800402d   Thumb Code   450  stm32h7xx_hal_sd.o(i.HAL_SD_GetCardCSD)
    HAL_SD_GetCardInfo                       0x080041f5   Thumb Code    38  stm32h7xx_hal_sd.o(i.HAL_SD_GetCardInfo)
    HAL_SD_GetCardState                      0x0800421b   Thumb Code    36  stm32h7xx_hal_sd.o(i.HAL_SD_GetCardState)
    HAL_SD_GetCardStatus                     0x08004241   Thumb Code   228  stm32h7xx_hal_sd.o(i.HAL_SD_GetCardStatus)
    HAL_SD_IRQHandler                        0x08004329   Thumb Code   622  stm32h7xx_hal_sd.o(i.HAL_SD_IRQHandler)
    HAL_SD_Init                              0x0800459d   Thumb Code   178  stm32h7xx_hal_sd.o(i.HAL_SD_Init)
    HAL_SD_InitCard                          0x08004651   Thumb Code   190  stm32h7xx_hal_sd.o(i.HAL_SD_InitCard)
    HAL_SD_MspInit                           0x0800471d   Thumb Code   246  stm32h7xx_hal_msp.o(i.HAL_SD_MspInit)
    HAL_SD_ReadBlocks_DMA                    0x08004825   Thumb Code   232  stm32h7xx_hal_sd.o(i.HAL_SD_ReadBlocks_DMA)
    HAL_SD_RxCpltCallback                    0x08004911   Thumb Code    10  bsp_driver_sd.o(i.HAL_SD_RxCpltCallback)
    HAL_SD_TxCpltCallback                    0x0800491b   Thumb Code    10  bsp_driver_sd.o(i.HAL_SD_TxCpltCallback)
    HAL_SD_WriteBlocks_DMA                   0x08004925   Thumb Code   230  stm32h7xx_hal_sd.o(i.HAL_SD_WriteBlocks_DMA)
    HAL_SPI_Init                             0x08004a11   Thumb Code   372  stm32h7xx_hal_spi.o(i.HAL_SPI_Init)
    HAL_SPI_MspInit                          0x08004b91   Thumb Code   172  stm32h7xx_hal_msp.o(i.HAL_SPI_MspInit)
    HAL_SPI_Transmit                         0x08004c49   Thumb Code   706  stm32h7xx_hal_spi.o(i.HAL_SPI_Transmit)
    HAL_SPI_TransmitReceive                  0x08004f0b   Thumb Code  1030  stm32h7xx_hal_spi.o(i.HAL_SPI_TransmitReceive)
    HAL_TIMEx_Break2Callback                 0x08005311   Thumb Code     2  stm32h7xx_hal_tim_ex.o(i.HAL_TIMEx_Break2Callback)
    HAL_TIMEx_BreakCallback                  0x08005313   Thumb Code     2  stm32h7xx_hal_tim_ex.o(i.HAL_TIMEx_BreakCallback)
    HAL_TIMEx_CommutCallback                 0x08005315   Thumb Code     2  stm32h7xx_hal_tim_ex.o(i.HAL_TIMEx_CommutCallback)
    HAL_TIM_Base_Init                        0x08005317   Thumb Code   110  stm32h7xx_hal_tim.o(i.HAL_TIM_Base_Init)
    HAL_TIM_Base_MspInit                     0x08005385   Thumb Code     2  stm32h7xx_hal_tim.o(i.HAL_TIM_Base_MspInit)
    HAL_TIM_Base_Start_IT                    0x08005389   Thumb Code   146  stm32h7xx_hal_tim.o(i.HAL_TIM_Base_Start_IT)
    HAL_TIM_IC_CaptureCallback               0x0800543d   Thumb Code     2  stm32h7xx_hal_tim.o(i.HAL_TIM_IC_CaptureCallback)
    HAL_TIM_IRQHandler                       0x0800543f   Thumb Code   440  stm32h7xx_hal_tim.o(i.HAL_TIM_IRQHandler)
    HAL_TIM_OC_DelayElapsedCallback          0x080055f7   Thumb Code     2  stm32h7xx_hal_tim.o(i.HAL_TIM_OC_DelayElapsedCallback)
    HAL_TIM_PWM_PulseFinishedCallback        0x080055f9   Thumb Code     2  stm32h7xx_hal_tim.o(i.HAL_TIM_PWM_PulseFinishedCallback)
    HAL_TIM_PeriodElapsedCallback            0x080055fd   Thumb Code    18  main.o(i.HAL_TIM_PeriodElapsedCallback)
    HAL_TIM_TriggerCallback                  0x08005615   Thumb Code     2  stm32h7xx_hal_tim.o(i.HAL_TIM_TriggerCallback)
    HardFault_Handler                        0x08005617   Thumb Code     4  stm32h7xx_it.o(i.HardFault_Handler)
    HardReset                                0x0800561d   Thumb Code   164  myvs1053b.o(i.HardReset)
    Highlighting                             0x080056c9   Thumb Code   142  spi_ili9341.o(i.Highlighting)
    ILI9341_TouchGetCoordinates              0x08005759   Thumb Code   234  xpt2046.o(i.ILI9341_TouchGetCoordinates)
    MX_FATFS_Init                            0x08005859   Thumb Code    16  fatfs.o(i.MX_FATFS_Init)
    MemManage_Handler                        0x08005aad   Thumb Code     4  stm32h7xx_it.o(i.MemManage_Handler)
    NMI_Handler                              0x08005ab1   Thumb Code     4  stm32h7xx_it.o(i.NMI_Handler)
    PrintScrolLine                           0x08005ab5   Thumb Code   596  spi_ili9341.o(i.PrintScrolLine)
    ReadFile                                 0x08005fd5   Thumb Code   370  spi_ili9341.o(i.ReadFile)
    SDMMC1_IRQHandler                        0x08006165   Thumb Code    10  stm32h7xx_it.o(i.SDMMC1_IRQHandler)
    SDMMC_CmdAppCommand                      0x08006175   Thumb Code    58  stm32h7xx_ll_sdmmc.o(i.SDMMC_CmdAppCommand)
    SDMMC_CmdAppOperCommand                  0x080061af   Thumb Code    52  stm32h7xx_ll_sdmmc.o(i.SDMMC_CmdAppOperCommand)
    SDMMC_CmdBlockLength                     0x080061e3   Thumb Code    56  stm32h7xx_ll_sdmmc.o(i.SDMMC_CmdBlockLength)
    SDMMC_CmdBusWidth                        0x0800621b   Thumb Code    58  stm32h7xx_ll_sdmmc.o(i.SDMMC_CmdBusWidth)
    SDMMC_CmdGoIdleState                     0x08006255   Thumb Code    44  stm32h7xx_ll_sdmmc.o(i.SDMMC_CmdGoIdleState)
    SDMMC_CmdOperCond                        0x08006281   Thumb Code    52  stm32h7xx_ll_sdmmc.o(i.SDMMC_CmdOperCond)
    SDMMC_CmdReadMultiBlock                  0x080062b5   Thumb Code    58  stm32h7xx_ll_sdmmc.o(i.SDMMC_CmdReadMultiBlock)
    SDMMC_CmdReadSingleBlock                 0x080062ef   Thumb Code    58  stm32h7xx_ll_sdmmc.o(i.SDMMC_CmdReadSingleBlock)
    SDMMC_CmdSelDesel                        0x08006329   Thumb Code    58  stm32h7xx_ll_sdmmc.o(i.SDMMC_CmdSelDesel)
    SDMMC_CmdSendCID                         0x08006363   Thumb Code    52  stm32h7xx_ll_sdmmc.o(i.SDMMC_CmdSendCID)
    SDMMC_CmdSendCSD                         0x08006397   Thumb Code    52  stm32h7xx_ll_sdmmc.o(i.SDMMC_CmdSendCSD)
    SDMMC_CmdSendSCR                         0x080063cb   Thumb Code    58  stm32h7xx_ll_sdmmc.o(i.SDMMC_CmdSendSCR)
    SDMMC_CmdSendStatus                      0x08006405   Thumb Code    58  stm32h7xx_ll_sdmmc.o(i.SDMMC_CmdSendStatus)
    SDMMC_CmdSetRelAdd                       0x0800643f   Thumb Code    58  stm32h7xx_ll_sdmmc.o(i.SDMMC_CmdSetRelAdd)
    SDMMC_CmdStatusRegister                  0x08006479   Thumb Code    58  stm32h7xx_ll_sdmmc.o(i.SDMMC_CmdStatusRegister)
    SDMMC_CmdStopTransfer                    0x080064b5   Thumb Code    88  stm32h7xx_ll_sdmmc.o(i.SDMMC_CmdStopTransfer)
    SDMMC_CmdWriteMultiBlock                 0x08006511   Thumb Code    58  stm32h7xx_ll_sdmmc.o(i.SDMMC_CmdWriteMultiBlock)
    SDMMC_CmdWriteSingleBlock                0x0800654b   Thumb Code    58  stm32h7xx_ll_sdmmc.o(i.SDMMC_CmdWriteSingleBlock)
    SDMMC_ConfigData                         0x08006585   Thumb Code    44  stm32h7xx_ll_sdmmc.o(i.SDMMC_ConfigData)
    SDMMC_GetCmdResp1                        0x080065f5   Thumb Code   420  stm32h7xx_ll_sdmmc.o(i.SDMMC_GetCmdResp1)
    SDMMC_GetCmdResp2                        0x080067a5   Thumb Code    96  stm32h7xx_ll_sdmmc.o(i.SDMMC_GetCmdResp2)
    SDMMC_GetCmdResp3                        0x0800680d   Thumb Code    82  stm32h7xx_ll_sdmmc.o(i.SDMMC_GetCmdResp3)
    SDMMC_GetCmdResp6                        0x08006869   Thumb Code   180  stm32h7xx_ll_sdmmc.o(i.SDMMC_GetCmdResp6)
    SDMMC_GetCmdResp7                        0x08006925   Thumb Code   104  stm32h7xx_ll_sdmmc.o(i.SDMMC_GetCmdResp7)
    SDMMC_GetCommandResponse                 0x08006991   Thumb Code     8  stm32h7xx_ll_sdmmc.o(i.SDMMC_GetCommandResponse)
    SDMMC_GetPowerState                      0x08006999   Thumb Code    10  stm32h7xx_ll_sdmmc.o(i.SDMMC_GetPowerState)
    SDMMC_GetResponse                        0x080069a3   Thumb Code    12  stm32h7xx_ll_sdmmc.o(i.SDMMC_GetResponse)
    SDMMC_Init                               0x080069b1   Thumb Code    46  stm32h7xx_ll_sdmmc.o(i.SDMMC_Init)
    SDMMC_PowerState_ON                      0x080069e5   Thumb Code    14  stm32h7xx_ll_sdmmc.o(i.SDMMC_PowerState_ON)
    SDMMC_ReadFIFO                           0x080069f3   Thumb Code     8  stm32h7xx_ll_sdmmc.o(i.SDMMC_ReadFIFO)
    SDMMC_SendCommand                        0x080069fd   Thumb Code    40  stm32h7xx_ll_sdmmc.o(i.SDMMC_SendCommand)
    SDMMC_WriteFIFO                          0x08006a29   Thumb Code    12  stm32h7xx_ll_sdmmc.o(i.SDMMC_WriteFIFO)
    SD_initialize                            0x08007069   Thumb Code    94  sd_diskio.o(i.SD_initialize)
    SD_ioctl                                 0x080070d5   Thumb Code   102  sd_diskio.o(i.SD_ioctl)
    SD_read                                  0x08007141   Thumb Code   126  sd_diskio.o(i.SD_read)
    SD_status                                0x080071c5   Thumb Code    12  sd_diskio.o(i.SD_status)
    SD_write                                 0x080071d1   Thumb Code   124  sd_diskio.o(i.SD_write)
    SPI1InitSimplexTransmitterV2             0x08007251   Thumb Code   352  myspi.o(i.SPI1InitSimplexTransmitterV2)
    SPI1_DMA_TransmitV2                      0x080073c9   Thumb Code    90  myspi.o(i.SPI1_DMA_TransmitV2)
    SPI2InitSimplexTransmitter               0x0800742d   Thumb Code   444  myspi.o(i.SPI2InitSimplexTransmitter)
    SPI2_DMA_TransmitIT                      0x08007601   Thumb Code   172  myspi.o(i.SPI2_DMA_TransmitIT)
    SoftReset                                0x080077f1   Thumb Code    36  myvs1053b.o(i.SoftReset)
    StartDefaultTask                         0x08007819   Thumb Code   888  main.o(i.StartDefaultTask)
    StartTask02                              0x08007c21   Thumb Code   708  main.o(i.StartTask02)
    StartTask03                              0x08007f1d   Thumb Code  2918  main.o(i.StartTask03)
    SysTick_Handler                          0x08008ab9   Thumb Code    46  port.o(i.SysTick_Handler)
    SystemClock_Config                       0x08008aed   Thumb Code   218  main.o(i.SystemClock_Config)
    SystemInit                               0x08008bd5   Thumb Code   212  system_stm32h7xx.o(i.SystemInit)
    TFT9341_DrawCharToBuf                    0x08008cd1   Thumb Code   406  spi_ili9341.o(i.TFT9341_DrawCharToBuf)
    TFT9341_DrawCharToBufFM                  0x08008e6d   Thumb Code   566  spi_ili9341.o(i.TFT9341_DrawCharToBufFM)
    TFT9341_FontsIni                         0x080090a9   Thumb Code    44  spi_ili9341.o(i.TFT9341_FontsIni)
    TFT9341_SendCommand                      0x080090e5   Thumb Code    46  spi_ili9341.o(i.TFT9341_SendCommand)
    TFT9341_SendFrameBuf                     0x0800911d   Thumb Code   110  spi_ili9341.o(i.TFT9341_SendFrameBuf)
    TFT9341_SetBackColor                     0x080091f9   Thumb Code     6  spi_ili9341.o(i.TFT9341_SetBackColor)
    TFT9341_SetFont                          0x08009205   Thumb Code     6  spi_ili9341.o(i.TFT9341_SetFont)
    TFT9341_SetTextColor                     0x08009211   Thumb Code     6  spi_ili9341.o(i.TFT9341_SetTextColor)
    TFT9341_StringToBuf                      0x0800921d   Thumb Code    54  spi_ili9341.o(i.TFT9341_StringToBuf)
    TFT9341_StringToBufFM                    0x08009259   Thumb Code   136  spi_ili9341.o(i.TFT9341_StringToBufFM)
    TFT9341_ini                              0x0800933d   Thumb Code   704  spi_ili9341.o(i.TFT9341_ini)
    TFT9341_reset                            0x08009609   Thumb Code    30  spi_ili9341.o(i.TFT9341_reset)
    TIM1_UP_IRQHandler                       0x0800962d   Thumb Code    10  stm32h7xx_it.o(i.TIM1_UP_IRQHandler)
    TIM_Base_SetConfig                       0x0800963d   Thumb Code   170  stm32h7xx_hal_tim.o(i.TIM_Base_SetConfig)
    UsageFault_Handler                       0x08009709   Thumb Code     4  stm32h7xx_it.o(i.UsageFault_Handler)
    WriteSCI_Reg16                           0x0800970d   Thumb Code   264  myvs1053b.o(i.WriteSCI_Reg16)
    WriteSCI_RegV2                           0x08009825   Thumb Code   262  myvs1053b.o(i.WriteSCI_RegV2)
    disk_initialize                          0x0800a859   Thumb Code    40  diskio.o(i.disk_initialize)
    disk_ioctl                               0x0800a885   Thumb Code    36  diskio.o(i.disk_ioctl)
    disk_read                                0x0800a8ad   Thumb Code    42  diskio.o(i.disk_read)
    disk_status                              0x0800a8dd   Thumb Code    24  diskio.o(i.disk_status)
    disk_write                               0x0800a8f9   Thumb Code    42  diskio.o(i.disk_write)
    f_close                                  0x0800a951   Thumb Code    52  ff.o(i.f_close)
    f_closedir                               0x0800a985   Thumb Code    46  ff.o(i.f_closedir)
    f_mount                                  0x0800a9b5   Thumb Code   128  ff.o(i.f_mount)
    f_open                                   0x0800aa39   Thumb Code  1108  ff.o(i.f_open)
    f_opendir                                0x0800ae8d   Thumb Code   270  ff.o(i.f_opendir)
    f_read                                   0x0800af9b   Thumb Code   672  ff.o(i.f_read)
    f_readdir                                0x0800b23b   Thumb Code   114  ff.o(i.f_readdir)
    f_sync                                   0x0800b2ad   Thumb Code   460  ff.o(i.f_sync)
    ff_convert                               0x0800b479   Thumb Code    70  ccsbcs.o(i.ff_convert)
    ff_cre_syncobj                           0x0800b4c5   Thumb Code    38  syscall.o(i.ff_cre_syncobj)
    ff_del_syncobj                           0x0800b4eb   Thumb Code    14  syscall.o(i.ff_del_syncobj)
    ff_rel_grant                             0x0800b4f9   Thumb Code    12  syscall.o(i.ff_rel_grant)
    ff_req_grant                             0x0800b505   Thumb Code    24  syscall.o(i.ff_req_grant)
    ff_wtoupper                              0x0800b51d   Thumb Code   156  ccsbcs.o(i.ff_wtoupper)
    get_fattime                              0x0800bf5b   Thumb Code     4  fatfs.o(i.get_fattime)
    main                                     0x0800c471   Thumb Code   104  main.o(i.main)
    osDelay                                  0x0800c57b   Thumb Code    24  cmsis_os.o(i.osDelay)
    osKernelRunning                          0x0800c593   Thumb Code    18  cmsis_os.o(i.osKernelRunning)
    osKernelStart                            0x0800c5a5   Thumb Code    10  cmsis_os.o(i.osKernelStart)
    osKernelSysTick                          0x0800c5af   Thumb Code    20  cmsis_os.o(i.osKernelSysTick)
    osMessageCreate                          0x0800c5c3   Thumb Code    40  cmsis_os.o(i.osMessageCreate)
    osMessageGet                             0x0800c5ed   Thumb Code   150  cmsis_os.o(i.osMessageGet)
    osMessagePut                             0x0800c689   Thumb Code    92  cmsis_os.o(i.osMessagePut)
    osSemaphoreCreate                        0x0800c6e9   Thumb Code    74  cmsis_os.o(i.osSemaphoreCreate)
    osSemaphoreDelete                        0x0800c733   Thumb Code    24  cmsis_os.o(i.osSemaphoreDelete)
    osSemaphoreRelease                       0x0800c74d   Thumb Code    76  cmsis_os.o(i.osSemaphoreRelease)
    osSemaphoreWait                          0x0800c79d   Thumb Code   100  cmsis_os.o(i.osSemaphoreWait)
    osThreadCreate                           0x0800c805   Thumb Code    94  cmsis_os.o(i.osThreadCreate)
    pvPortMalloc                             0x0800d125   Thumb Code   306  heap_4.o(i.pvPortMalloc)
    pvTaskIncrementMutexHeldCount            0x0800d271   Thumb Code    26  tasks.o(i.pvTaskIncrementMutexHeldCount)
    pxPortInitialiseStack                    0x0800d291   Thumb Code    38  port.o(i.pxPortInitialiseStack)
    uxListRemove                             0x0800d5ff   Thumb Code    40  list.o(i.uxListRemove)
    vApplicationGetIdleTaskMemory            0x0800d629   Thumb Code    14  freertos.o(i.vApplicationGetIdleTaskMemory)
    vListInitialise                          0x0800d641   Thumb Code    26  list.o(i.vListInitialise)
    vListInitialiseItem                      0x0800d65b   Thumb Code     6  list.o(i.vListInitialiseItem)
    vListInsert                              0x0800d661   Thumb Code    52  list.o(i.vListInsert)
    vListInsertEnd                           0x0800d695   Thumb Code    24  list.o(i.vListInsertEnd)
    vPortEnterCritical                       0x0800d6ad   Thumb Code    76  port.o(i.vPortEnterCritical)
    vPortExitCritical                        0x0800d701   Thumb Code    56  port.o(i.vPortExitCritical)
    vPortFree                                0x0800d73d   Thumb Code   150  heap_4.o(i.vPortFree)
    vPortSetupTimerInterrupt                 0x0800d7e1   Thumb Code    36  port.o(i.vPortSetupTimerInterrupt)
    vPortValidateInterruptPriority           0x0800d809   Thumb Code   106  port.o(i.vPortValidateInterruptPriority)
    vQueueDelete                             0x0800d881   Thumb Code    50  queue.o(i.vQueueDelete)
    vQueueUnregisterQueue                    0x0800d8b5   Thumb Code    44  queue.o(i.vQueueUnregisterQueue)
    vTaskDelay                               0x0800d8e5   Thumb Code    82  tasks.o(i.vTaskDelay)
    vTaskInternalSetTimeOutState             0x0800d941   Thumb Code    14  tasks.o(i.vTaskInternalSetTimeOutState)
    vTaskMissedYield                         0x0800d959   Thumb Code     8  tasks.o(i.vTaskMissedYield)
    vTaskPlaceOnEventList                    0x0800d965   Thumb Code    52  tasks.o(i.vTaskPlaceOnEventList)
    vTaskPriorityDisinheritAfterTimeout      0x0800d99d   Thumb Code   216  tasks.o(i.vTaskPriorityDisinheritAfterTimeout)
    vTaskStartScheduler                      0x0800da81   Thumb Code   146  tasks.o(i.vTaskStartScheduler)
    vTaskSuspendAll                          0x0800db31   Thumb Code    12  tasks.o(i.vTaskSuspendAll)
    vTaskSwitchContext                       0x0800db41   Thumb Code   118  tasks.o(i.vTaskSwitchContext)
    xPortStartScheduler                      0x0800dc21   Thumb Code   330  port.o(i.xPortStartScheduler)
    xQueueGenericCreate                      0x0800dd89   Thumb Code    90  queue.o(i.xQueueGenericCreate)
    xQueueGenericCreateStatic                0x0800dde3   Thumb Code   224  queue.o(i.xQueueGenericCreateStatic)
    xQueueGenericReset                       0x0800dec5   Thumb Code   146  queue.o(i.xQueueGenericReset)
    xQueueGenericSend                        0x0800df5d   Thumb Code   420  queue.o(i.xQueueGenericSend)
    xQueueGenericSendFromISR                 0x0800e105   Thumb Code   252  queue.o(i.xQueueGenericSendFromISR)
    xQueueGiveFromISR                        0x0800e201   Thumb Code   224  queue.o(i.xQueueGiveFromISR)
    xQueueReceive                            0x0800e2e1   Thumb Code   356  queue.o(i.xQueueReceive)
    xQueueReceiveFromISR                     0x0800e449   Thumb Code   202  queue.o(i.xQueueReceiveFromISR)
    xQueueSemaphoreTake                      0x0800e515   Thumb Code   434  queue.o(i.xQueueSemaphoreTake)
    xTaskCheckForTimeOut                     0x0800e6cd   Thumb Code   132  tasks.o(i.xTaskCheckForTimeOut)
    xTaskCreate                              0x0800e759   Thumb Code   100  tasks.o(i.xTaskCreate)
    xTaskCreateStatic                        0x0800e7bd   Thumb Code   186  tasks.o(i.xTaskCreateStatic)
    xTaskGetSchedulerState                   0x0800e879   Thumb Code    24  tasks.o(i.xTaskGetSchedulerState)
    xTaskGetTickCount                        0x0800e899   Thumb Code     6  tasks.o(i.xTaskGetTickCount)
    xTaskGetTickCountFromISR                 0x0800e8a5   Thumb Code    16  tasks.o(i.xTaskGetTickCountFromISR)
    xTaskIncrementTick                       0x0800e8b9   Thumb Code   282  tasks.o(i.xTaskIncrementTick)
    xTaskPriorityDisinherit                  0x0800ea01   Thumb Code   188  tasks.o(i.xTaskPriorityDisinherit)
    xTaskPriorityInherit                     0x0800eac9   Thumb Code   172  tasks.o(i.xTaskPriorityInherit)
    xTaskRemoveFromEventList                 0x0800eb81   Thumb Code   128  tasks.o(i.xTaskRemoveFromEventList)
    xTaskResumeAll                           0x0800ec19   Thumb Code   224  tasks.o(i.xTaskResumeAll)
    _fp_init                                 0x0800eda3   Thumb Code    10  fpinit.o(x$fpl$fpinit)
    __fplib_config_fpu_vfp                   0x0800edab   Thumb Code     0  fpinit.o(x$fpl$fpinit)
    __fplib_config_pureend_doubles           0x0800edab   Thumb Code     0  fpinit.o(x$fpl$fpinit)
    Font12_Table                             0x0800edac   Data        1140  spi_ili9341.o(.constdata)
    Font8_Table                              0x0800f220   Data         760  spi_ili9341.o(.constdata)
    Font18_Table                             0x0800f518   Data        8512  spi_ili9341.o(.constdata)
    MusicIcon                                0x08011658   Data         648  spi_ili9341.o(.constdata)
    FolderIcon                               0x080118e0   Data         648  spi_ili9341.o(.constdata)
    PlayBtn                                  0x08011bec   Data        3200  main.o(.constdata)
    NextBtn                                  0x0801286c   Data        3200  main.o(.constdata)
    PreviousBtn                              0x080134ec   Data        3200  main.o(.constdata)
    VolMinusBtn                              0x0801416c   Data        3200  main.o(.constdata)
    VolPlusBtn                               0x08014dec   Data        3200  main.o(.constdata)
    PauseBtn                                 0x08015a6c   Data        3200  main.o(.constdata)
    PropertiesBtn                            0x080166ec   Data        1800  main.o(.constdata)
    ListBtn                                  0x08016df4   Data        1800  main.o(.constdata)
    D1CorePrescTable                         0x08017550   Data          16  system_stm32h7xx.o(.constdata)
    SD_Driver                                0x08017560   Data          20  sd_diskio.o(.constdata)
    Region$$Table$$Base                      0x08017a00   Number         0  anon$$obj.o(Region$$Table)
    Region$$Table$$Limit                     0x08017a20   Number         0  anon$$obj.o(Region$$Table)
    SPI2_DataForTransfer                     0x24000000   Data           4  myspi.o(.data)
    SPI2_DataPointer                         0x24000004   Data           4  myspi.o(.data)
    SPI2_TransferInProcess                   0x24000008   Data           1  myspi.o(.data)
    Font12                                   0x2400000c   Data           8  spi_ili9341.o(.data)
    Font8                                    0x24000014   Data           8  spi_ili9341.o(.data)
    Font18                                   0x2400001c   Data           8  spi_ili9341.o(.data)
    TFT9341_WIDTH                            0x24000024   Data           2  spi_ili9341.o(.data)
    TFT9341_HEIGHT                           0x24000026   Data           2  spi_ili9341.o(.data)
    lcdprop                                  0x24000028   Data           8  spi_ili9341.o(.data)
    defaultTaskHandle                        0x24000038   Data           4  main.o(.data)
    myTask02Handle                           0x2400003c   Data           4  main.o(.data)
    myTask03Handle                           0x24000040   Data           4  main.o(.data)
    SPI_RX_DATA                              0x24000044   Data           8  main.o(.data)
    SPI_TX_DATA                              0x2400004c   Data           8  main.o(.data)
    SdOpRes                                  0x24000054   Data           1  main.o(.data)
    fr                                       0x24000055   Data           1  main.o(.data)
    fileReadResult                           0x24000056   Data           1  main.o(.data)
    ByteWriten                               0x24000058   Data           4  main.o(.data)
    SCI_Status                               0x2400005c   Data           1  main.o(.data)
    SciRegContent                            0x2400005e   Data           2  main.o(.data)
    BtnPlusCounter                           0x24000060   Data           4  main.o(.data)
    BtnMinusCounter                          0x24000064   Data           4  main.o(.data)
    BtnModeCounter                           0x24000068   Data           4  main.o(.data)
    BtnPlusState                             0x2400006c   Data           1  main.o(.data)
    BtnMinusState                            0x2400006d   Data           1  main.o(.data)
    BtnModeState                             0x2400006e   Data           1  main.o(.data)
    BtnModeStateOld                          0x2400006f   Data           1  main.o(.data)
    flag_press                               0x24000070   Data           1  main.o(.data)
    time_press                               0x24000074   Data           4  main.o(.data)
    x_toch                                   0x24000078   Data           2  main.o(.data)
    y_toch                                   0x2400007a   Data           2  main.o(.data)
    FrBufSendReq                             0x2400007c   Data           1  main.o(.data)
    NextTrackReq                             0x2400007d   Data           1  main.o(.data)
    PauseReq                                 0x2400007e   Data           1  main.o(.data)
    PlayPauseDrawReq                         0x2400007f   Data           1  main.o(.data)
    PauseReqDelay                            0x24000080   Data           4  main.o(.data)
    VolChangeReq                             0x24000084   Data           1  main.o(.data)
    VolDrawReq                               0x24000085   Data           1  main.o(.data)
    PrintPageReq                             0x24000086   Data           1  main.o(.data)
    HighlightingReq                          0x24000087   Data           1  main.o(.data)
    EqualizerChangeReq                       0x24000088   Data           1  main.o(.data)
    VolumeCurrent                            0x24000089   Data           1  main.o(.data)
    CurrentPlayFile                          0x2400008c   Data           4  main.o(.data)
    FilManParam                              0x24000090   Data        3880  main.o(.data)
    DirItemsCounter                          0x24000fb8   Data           4  main.o(.data)
    HF_Gain                                  0x24000fbc   Data           1  main.o(.data)
    HF_Border                                0x24000fbd   Data           1  main.o(.data)
    LF_Gain                                  0x24000fbe   Data           1  main.o(.data)
    LF_Border                                0x24000fbf   Data           1  main.o(.data)
    ProgressTimer                            0x24000fc0   Data           4  main.o(.data)
    DisplayState                             0x24000fc4   Data           1  main.o(.data)
    DisplDelay                               0x24000fc5   Data           1  main.o(.data)
    DisplOnOffReq                            0x24000fc6   Data           1  main.o(.data)
    uwTick                                   0x24000fc8   Data           4  stm32h7xx_hal.o(.data)
    uwTickPrio                               0x24000fcc   Data           4  stm32h7xx_hal.o(.data)
    uwTickFreq                               0x24000fd0   Data           1  stm32h7xx_hal.o(.data)
    SystemCoreClock                          0x24000fd4   Data           4  system_stm32h7xx.o(.data)
    SystemD2Clock                            0x24000fd8   Data           4  system_stm32h7xx.o(.data)
    pxCurrentTCB                             0x24000fdc   Data           4  tasks.o(.data)
    retSD                                    0x2400104c   Data           1  fatfs.o(.data)
    SDPath                                   0x2400104d   Data           4  fatfs.o(.data)
    hsd1                                     0x2400105c   Data         124  main.o(.bss)
    hspi4                                    0x240010d8   Data         136  main.o(.bss)
    PlaybackBuf                              0x24001160   Data        4096  main.o(.bss)
    FrameBufer                               0x24002160   Data       153600  main.o(.bss)
    htim1                                    0x24027bb4   Data          76  stm32h7xx_hal_timebase_tim.o(.bss)
    xQueueRegistry                           0x24027c00   Data          64  queue.o(.bss)
    SDFatFS                                  0x2402f440   Data        4160  fatfs.o(.bss)
    SDFile                                   0x24030480   Data        4184  fatfs.o(.bss)
    disk                                     0x240314f8   Data          12  ff_gen_drv.o(.bss)
    __libspace_start                         0x24031504   Data          96  libspace.o(.bss)
    __temporary_stack_top$libspace           0x24031564   Data           0  libspace.o(.bss)



==============================================================================

Memory Map of the image

  Image Entry point : 0x08000299

  Load Region LR_IROM1 (Base: 0x08000000, Size: 0x00018a7c, Max: 0x00020000, ABSOLUTE, COMPRESSED[0x00017a88])

    Execution Region ER_IROM1 (Exec base: 0x08000000, Load base: 0x08000000, Size: 0x00017a20, Max: 0x00020000, ABSOLUTE)

    Exec Addr    Load Addr    Size         Type   Attr      Idx    E Section Name        Object

    0x08000000   0x08000000   0x00000298   Data   RO            3    RESET               startup_stm32h750xx.o
    0x08000298   0x08000298   0x00000008   Code   RO         7706  * !!!main             c_w.l(__main.o)
    0x080002a0   0x080002a0   0x00000034   Code   RO         7879    !!!scatter          c_w.l(__scatter.o)
    0x080002d4   0x080002d4   0x0000005a   Code   RO         7877    !!dczerorl2         c_w.l(__dczerorl2.o)
    0x0800032e   0x0800032e   0x00000002   PAD
    0x08000330   0x08000330   0x0000001c   Code   RO         7881    !!handler_zi        c_w.l(__scatter_zi.o)
    0x0800034c   0x0800034c   0x00000002   Code   RO         7745    .ARM.Collect$$libinit$$00000000  c_w.l(libinit.o)
    0x0800034e   0x0800034e   0x00000004   Code   RO         7757    .ARM.Collect$$libinit$$00000001  c_w.l(libinit2.o)
    0x08000352   0x08000352   0x00000000   Code   RO         7760    .ARM.Collect$$libinit$$00000004  c_w.l(libinit2.o)
    0x08000352   0x08000352   0x00000000   Code   RO         7763    .ARM.Collect$$libinit$$0000000A  c_w.l(libinit2.o)
    0x08000352   0x08000352   0x00000000   Code   RO         7765    .ARM.Collect$$libinit$$0000000C  c_w.l(libinit2.o)
    0x08000352   0x08000352   0x00000000   Code   RO         7767    .ARM.Collect$$libinit$$0000000E  c_w.l(libinit2.o)
    0x08000352   0x08000352   0x00000000   Code   RO         7770    .ARM.Collect$$libinit$$00000011  c_w.l(libinit2.o)
    0x08000352   0x08000352   0x00000000   Code   RO         7772    .ARM.Collect$$libinit$$00000013  c_w.l(libinit2.o)
    0x08000352   0x08000352   0x00000000   Code   RO         7774    .ARM.Collect$$libinit$$00000015  c_w.l(libinit2.o)
    0x08000352   0x08000352   0x00000000   Code   RO         7776    .ARM.Collect$$libinit$$00000017  c_w.l(libinit2.o)
    0x08000352   0x08000352   0x00000000   Code   RO         7778    .ARM.Collect$$libinit$$00000019  c_w.l(libinit2.o)
    0x08000352   0x08000352   0x00000000   Code   RO         7780    .ARM.Collect$$libinit$$0000001B  c_w.l(libinit2.o)
    0x08000352   0x08000352   0x00000000   Code   RO         7782    .ARM.Collect$$libinit$$0000001D  c_w.l(libinit2.o)
    0x08000352   0x08000352   0x00000000   Code   RO         7784    .ARM.Collect$$libinit$$0000001F  c_w.l(libinit2.o)
    0x08000352   0x08000352   0x00000000   Code   RO         7786    .ARM.Collect$$libinit$$00000021  c_w.l(libinit2.o)
    0x08000352   0x08000352   0x00000000   Code   RO         7788    .ARM.Collect$$libinit$$00000023  c_w.l(libinit2.o)
    0x08000352   0x08000352   0x00000000   Code   RO         7790    .ARM.Collect$$libinit$$00000025  c_w.l(libinit2.o)
    0x08000352   0x08000352   0x00000000   Code   RO         7794    .ARM.Collect$$libinit$$0000002C  c_w.l(libinit2.o)
    0x08000352   0x08000352   0x00000000   Code   RO         7796    .ARM.Collect$$libinit$$0000002E  c_w.l(libinit2.o)
    0x08000352   0x08000352   0x00000000   Code   RO         7798    .ARM.Collect$$libinit$$00000030  c_w.l(libinit2.o)
    0x08000352   0x08000352   0x00000000   Code   RO         7800    .ARM.Collect$$libinit$$00000032  c_w.l(libinit2.o)
    0x08000352   0x08000352   0x00000002   Code   RO         7801    .ARM.Collect$$libinit$$00000033  c_w.l(libinit2.o)
    0x08000354   0x08000354   0x00000002   Code   RO         7832    .ARM.Collect$$libshutdown$$00000000  c_w.l(libshutdown.o)
    0x08000356   0x08000356   0x00000000   Code   RO         7858    .ARM.Collect$$libshutdown$$00000002  c_w.l(libshutdown2.o)
    0x08000356   0x08000356   0x00000000   Code   RO         7860    .ARM.Collect$$libshutdown$$00000004  c_w.l(libshutdown2.o)
    0x08000356   0x08000356   0x00000000   Code   RO         7862    .ARM.Collect$$libshutdown$$00000006  c_w.l(libshutdown2.o)
    0x08000356   0x08000356   0x00000000   Code   RO         7865    .ARM.Collect$$libshutdown$$00000009  c_w.l(libshutdown2.o)
    0x08000356   0x08000356   0x00000000   Code   RO         7868    .ARM.Collect$$libshutdown$$0000000C  c_w.l(libshutdown2.o)
    0x08000356   0x08000356   0x00000000   Code   RO         7870    .ARM.Collect$$libshutdown$$0000000E  c_w.l(libshutdown2.o)
    0x08000356   0x08000356   0x00000000   Code   RO         7873    .ARM.Collect$$libshutdown$$00000011  c_w.l(libshutdown2.o)
    0x08000356   0x08000356   0x00000002   Code   RO         7874    .ARM.Collect$$libshutdown$$00000012  c_w.l(libshutdown2.o)
    0x08000358   0x08000358   0x00000000   Code   RO         7708    .ARM.Collect$$rtentry$$00000000  c_w.l(__rtentry.o)
    0x08000358   0x08000358   0x00000000   Code   RO         7716    .ARM.Collect$$rtentry$$00000002  c_w.l(__rtentry2.o)
    0x08000358   0x08000358   0x00000006   Code   RO         7728    .ARM.Collect$$rtentry$$00000004  c_w.l(__rtentry4.o)
    0x0800035e   0x0800035e   0x00000000   Code   RO         7718    .ARM.Collect$$rtentry$$00000009  c_w.l(__rtentry2.o)
    0x0800035e   0x0800035e   0x00000004   Code   RO         7719    .ARM.Collect$$rtentry$$0000000A  c_w.l(__rtentry2.o)
    0x08000362   0x08000362   0x00000000   Code   RO         7721    .ARM.Collect$$rtentry$$0000000C  c_w.l(__rtentry2.o)
    0x08000362   0x08000362   0x00000008   Code   RO         7722    .ARM.Collect$$rtentry$$0000000D  c_w.l(__rtentry2.o)
    0x0800036a   0x0800036a   0x00000002   Code   RO         7749    .ARM.Collect$$rtexit$$00000000  c_w.l(rtexit.o)
    0x0800036c   0x0800036c   0x00000000   Code   RO         7805    .ARM.Collect$$rtexit$$00000002  c_w.l(rtexit2.o)
    0x0800036c   0x0800036c   0x00000004   Code   RO         7806    .ARM.Collect$$rtexit$$00000003  c_w.l(rtexit2.o)
    0x08000370   0x08000370   0x00000006   Code   RO         7807    .ARM.Collect$$rtexit$$00000004  c_w.l(rtexit2.o)
    0x08000376   0x08000376   0x00000002   PAD
    0x08000378   0x08000378   0x000000be   Code   RO         6707    .emb_text           port.o
    0x08000436   0x08000436   0x00000002   PAD
    0x08000438   0x08000438   0x00000040   Code   RO            4    .text               startup_stm32h750xx.o
    0x08000478   0x08000478   0x000000ee   Code   RO         7694    .text               c_w.l(lludivv7m.o)
    0x08000566   0x08000566   0x0000008a   Code   RO         7696    .text               c_w.l(rt_memcpy_v6.o)
    0x080005f0   0x080005f0   0x00000064   Code   RO         7698    .text               c_w.l(rt_memcpy_w.o)
    0x08000654   0x08000654   0x0000004e   Code   RO         7702    .text               c_w.l(rt_memclr_w.o)
    0x080006a2   0x080006a2   0x00000006   Code   RO         7704    .text               c_w.l(heapauxi.o)
    0x080006a8   0x080006a8   0x0000004a   Code   RO         7732    .text               c_w.l(sys_stackheap_outer.o)
    0x080006f2   0x080006f2   0x00000012   Code   RO         7734    .text               c_w.l(exit.o)
    0x08000704   0x08000704   0x00000008   Code   RO         7746    .text               c_w.l(libspace.o)
    0x0800070c   0x0800070c   0x0000000c   Code   RO         7802    .text               c_w.l(sys_exit.o)
    0x08000718   0x08000718   0x00000002   Code   RO         7821    .text               c_w.l(use_no_semi.o)
    0x0800071a   0x0800071a   0x00000000   Code   RO         7823    .text               c_w.l(indicate_semi.o)
    0x0800071a   0x0800071a   0x00000002   PAD
    0x0800071c   0x0800071c   0x00000014   Code   RO         6789    i.BSP_SD_GetCardInfo  bsp_driver_sd.o
    0x08000730   0x08000730   0x00000018   Code   RO         6790    i.BSP_SD_GetCardState  bsp_driver_sd.o
    0x08000748   0x08000748   0x00000030   Code   RO         6792    i.BSP_SD_Init       bsp_driver_sd.o
    0x08000778   0x08000778   0x0000000c   Code   RO         6793    i.BSP_SD_IsDetected  bsp_driver_sd.o
    0x08000784   0x08000784   0x00000028   Code   RO         6795    i.BSP_SD_ReadBlocks_DMA  bsp_driver_sd.o
    0x080007ac   0x080007ac   0x00000014   Code   RO         6902    i.BSP_SD_ReadCpltCallback  sd_diskio.o
    0x080007c0   0x080007c0   0x00000028   Code   RO         6798    i.BSP_SD_WriteBlocks_DMA  bsp_driver_sd.o
    0x080007e8   0x080007e8   0x00000014   Code   RO         6903    i.BSP_SD_WriteCpltCallback  sd_diskio.o
    0x080007fc   0x080007fc   0x00000004   Code   RO          783    i.BusFault_Handler  stm32h7xx_it.o
    0x08000800   0x08000800   0x00000044   Code   RO          784    i.DMA1_Stream2_IRQHandler  stm32h7xx_it.o
    0x08000844   0x08000844   0x00000002   Code   RO          785    i.DebugMon_Handler  stm32h7xx_it.o
    0x08000846   0x08000846   0x00000002   PAD
    0x08000848   0x08000848   0x00000018   Code   RO          326    i.DisplOff          spi_ili9341.o
    0x08000860   0x08000860   0x00000018   Code   RO          327    i.DisplOn           spi_ili9341.o
    0x08000878   0x08000878   0x0000018e   Code   RO          328    i.DrawBar           spi_ili9341.o
    0x08000a06   0x08000a06   0x00000168   Code   RO          329    i.DrawBar32         spi_ili9341.o
    0x08000b6e   0x08000b6e   0x00000002   PAD
    0x08000b70   0x08000b70   0x000000a4   Code   RO          330    i.DrawMinusBtn      spi_ili9341.o
    0x08000c14   0x08000c14   0x00000094   Code   RO          331    i.DrawPictureToBuf  spi_ili9341.o
    0x08000ca8   0x08000ca8   0x000000a4   Code   RO          332    i.DrawPlusBtn       spi_ili9341.o
    0x08000d4c   0x08000d4c   0x00000188   Code   RO          333    i.DrawVolToFrameBuf  spi_ili9341.o
    0x08000ed4   0x08000ed4   0x00000006   Code   RO          646    i.Error_Handler     main.o
    0x08000eda   0x08000eda   0x00000012   Code   RO         7565    i.FATFS_LinkDriver  ff_gen_drv.o
    0x08000eec   0x08000eec   0x00000054   Code   RO         7566    i.FATFS_LinkDriverEx  ff_gen_drv.o
    0x08000f40   0x08000f40   0x000002b4   Code   RO          334    i.FileManager       spi_ili9341.o
    0x080011f4   0x080011f4   0x00000058   Code   RO          335    i.GetItemNumberInThisDir  spi_ili9341.o
    0x0800124c   0x0800124c   0x00000028   Code   RO         2539    i.HAL_Delay         stm32h7xx_hal.o
    0x08001274   0x08001274   0x000001fc   Code   RO         1678    i.HAL_GPIO_Init     stm32h7xx_hal_gpio.o
    0x08001470   0x08001470   0x00000010   Code   RO         1680    i.HAL_GPIO_ReadPin  stm32h7xx_hal_gpio.o
    0x08001480   0x08001480   0x0000000c   Code   RO         1682    i.HAL_GPIO_WritePin  stm32h7xx_hal_gpio.o
    0x0800148c   0x0800148c   0x0000000c   Code   RO         2550    i.HAL_GetREVID      stm32h7xx_hal.o
    0x08001498   0x08001498   0x0000000c   Code   RO         2551    i.HAL_GetTick       stm32h7xx_hal.o
    0x080014a4   0x080014a4   0x00000018   Code   RO         2557    i.HAL_IncTick       stm32h7xx_hal.o
    0x080014bc   0x080014bc   0x00000060   Code   RO         2558    i.HAL_Init          stm32h7xx_hal.o
    0x0800151c   0x0800151c   0x00000094   Code   RO          907    i.HAL_InitTick      stm32h7xx_hal_timebase_tim.o
    0x080015b0   0x080015b0   0x00000030   Code   RO          859    i.HAL_MspInit       stm32h7xx_hal_msp.o
    0x080015e0   0x080015e0   0x00000028   Code   RO          985    i.HAL_NVIC_EnableIRQ  stm32h7xx_hal_cortex.o
    0x08001608   0x08001608   0x0000007a   Code   RO          991    i.HAL_NVIC_SetPriority  stm32h7xx_hal_cortex.o
    0x08001682   0x08001682   0x00000002   PAD
    0x08001684   0x08001684   0x00000028   Code   RO          992    i.HAL_NVIC_SetPriorityGrouping  stm32h7xx_hal_cortex.o
    0x080016ac   0x080016ac   0x00000060   Code   RO         2279    i.HAL_PWREx_ConfigSupply  stm32h7xx_hal_pwr_ex.o
    0x0800170c   0x0800170c   0x00000024   Code   RO         1241    i.HAL_RCCEx_GetD3PCLK1Freq  stm32h7xx_hal_rcc_ex.o
    0x08001730   0x08001730   0x00000230   Code   RO         1242    i.HAL_RCCEx_GetPLL1ClockFreq  stm32h7xx_hal_rcc_ex.o
    0x08001960   0x08001960   0x00000230   Code   RO         1243    i.HAL_RCCEx_GetPLL2ClockFreq  stm32h7xx_hal_rcc_ex.o
    0x08001b90   0x08001b90   0x00000230   Code   RO         1244    i.HAL_RCCEx_GetPLL3ClockFreq  stm32h7xx_hal_rcc_ex.o
    0x08001dc0   0x08001dc0   0x00000754   Code   RO         1246    i.HAL_RCCEx_GetPeriphCLKFreq  stm32h7xx_hal_rcc_ex.o
    0x08002514   0x08002514   0x00000b64   Code   RO         1250    i.HAL_RCCEx_PeriphCLKConfig  stm32h7xx_hal_rcc_ex.o
    0x08003078   0x08003078   0x00000320   Code   RO         1126    i.HAL_RCC_ClockConfig  stm32h7xx_hal_rcc.o
    0x08003398   0x08003398   0x0000006c   Code   RO         1130    i.HAL_RCC_GetClockConfig  stm32h7xx_hal_rcc.o
    0x08003404   0x08003404   0x0000004c   Code   RO         1131    i.HAL_RCC_GetHCLKFreq  stm32h7xx_hal_rcc.o
    0x08003450   0x08003450   0x00000024   Code   RO         1134    i.HAL_RCC_GetPCLK2Freq  stm32h7xx_hal_rcc.o
    0x08003474   0x08003474   0x0000022c   Code   RO         1135    i.HAL_RCC_GetSysClockFreq  stm32h7xx_hal_rcc.o
    0x080036a0   0x080036a0   0x00000800   Code   RO         1138    i.HAL_RCC_OscConfig  stm32h7xx_hal_rcc.o
    0x08003ea0   0x08003ea0   0x00000002   Code   RO         3779    i.HAL_SDEx_Read_DMADoubleBuf0CpltCallback  stm32h7xx_hal_sd.o
    0x08003ea2   0x08003ea2   0x00000002   Code   RO         3780    i.HAL_SDEx_Read_DMADoubleBuf1CpltCallback  stm32h7xx_hal_sd.o
    0x08003ea4   0x08003ea4   0x00000002   Code   RO         3781    i.HAL_SDEx_Write_DMADoubleBuf0CpltCallback  stm32h7xx_hal_sd.o
    0x08003ea6   0x08003ea6   0x00000002   Code   RO         3782    i.HAL_SDEx_Write_DMADoubleBuf1CpltCallback  stm32h7xx_hal_sd.o
    0x08003ea8   0x08003ea8   0x00000180   Code   RO         3787    i.HAL_SD_ConfigWideBusOperation  stm32h7xx_hal_sd.o
    0x08004028   0x08004028   0x00000002   Code   RO         3790    i.HAL_SD_ErrorCallback  stm32h7xx_hal_sd.o
    0x0800402a   0x0800402a   0x00000002   PAD
    0x0800402c   0x0800402c   0x000001c8   Code   RO         3792    i.HAL_SD_GetCardCSD  stm32h7xx_hal_sd.o
    0x080041f4   0x080041f4   0x00000026   Code   RO         3793    i.HAL_SD_GetCardInfo  stm32h7xx_hal_sd.o
    0x0800421a   0x0800421a   0x00000024   Code   RO         3794    i.HAL_SD_GetCardState  stm32h7xx_hal_sd.o
    0x0800423e   0x0800423e   0x00000002   PAD
    0x08004240   0x08004240   0x000000e8   Code   RO         3795    i.HAL_SD_GetCardStatus  stm32h7xx_hal_sd.o
    0x08004328   0x08004328   0x00000274   Code   RO         3798    i.HAL_SD_IRQHandler  stm32h7xx_hal_sd.o
    0x0800459c   0x0800459c   0x000000b2   Code   RO         3799    i.HAL_SD_Init       stm32h7xx_hal_sd.o
    0x0800464e   0x0800464e   0x00000002   PAD
    0x08004650   0x08004650   0x000000cc   Code   RO         3800    i.HAL_SD_InitCard   stm32h7xx_hal_sd.o
    0x0800471c   0x0800471c   0x00000108   Code   RO          861    i.HAL_SD_MspInit    stm32h7xx_hal_msp.o
    0x08004824   0x08004824   0x000000ec   Code   RO         3804    i.HAL_SD_ReadBlocks_DMA  stm32h7xx_hal_sd.o
    0x08004910   0x08004910   0x0000000a   Code   RO         6801    i.HAL_SD_RxCpltCallback  bsp_driver_sd.o
    0x0800491a   0x0800491a   0x0000000a   Code   RO         6802    i.HAL_SD_TxCpltCallback  bsp_driver_sd.o
    0x08004924   0x08004924   0x000000ec   Code   RO         3809    i.HAL_SD_WriteBlocks_DMA  stm32h7xx_hal_sd.o
    0x08004a10   0x08004a10   0x00000180   Code   RO         4097    i.HAL_SPI_Init      stm32h7xx_hal_spi.o
    0x08004b90   0x08004b90   0x000000b8   Code   RO          863    i.HAL_SPI_MspInit   stm32h7xx_hal_msp.o
    0x08004c48   0x08004c48   0x000002c2   Code   RO         4105    i.HAL_SPI_Transmit  stm32h7xx_hal_spi.o
    0x08004f0a   0x08004f0a   0x00000406   Code   RO         4106    i.HAL_SPI_TransmitReceive  stm32h7xx_hal_spi.o
    0x08005310   0x08005310   0x00000002   Code   RO         5141    i.HAL_TIMEx_Break2Callback  stm32h7xx_hal_tim_ex.o
    0x08005312   0x08005312   0x00000002   Code   RO         5142    i.HAL_TIMEx_BreakCallback  stm32h7xx_hal_tim_ex.o
    0x08005314   0x08005314   0x00000002   Code   RO         5143    i.HAL_TIMEx_CommutCallback  stm32h7xx_hal_tim_ex.o
    0x08005316   0x08005316   0x0000006e   Code   RO         4416    i.HAL_TIM_Base_Init  stm32h7xx_hal_tim.o
    0x08005384   0x08005384   0x00000002   Code   RO         4418    i.HAL_TIM_Base_MspInit  stm32h7xx_hal_tim.o
    0x08005386   0x08005386   0x00000002   PAD
    0x08005388   0x08005388   0x000000b4   Code   RO         4421    i.HAL_TIM_Base_Start_IT  stm32h7xx_hal_tim.o
    0x0800543c   0x0800543c   0x00000002   Code   RO         4450    i.HAL_TIM_IC_CaptureCallback  stm32h7xx_hal_tim.o
    0x0800543e   0x0800543e   0x000001b8   Code   RO         4464    i.HAL_TIM_IRQHandler  stm32h7xx_hal_tim.o
    0x080055f6   0x080055f6   0x00000002   Code   RO         4467    i.HAL_TIM_OC_DelayElapsedCallback  stm32h7xx_hal_tim.o
    0x080055f8   0x080055f8   0x00000002   Code   RO         4494    i.HAL_TIM_PWM_PulseFinishedCallback  stm32h7xx_hal_tim.o
    0x080055fa   0x080055fa   0x00000002   PAD
    0x080055fc   0x080055fc   0x00000018   Code   RO          647    i.HAL_TIM_PeriodElapsedCallback  main.o
    0x08005614   0x08005614   0x00000002   Code   RO         4507    i.HAL_TIM_TriggerCallback  stm32h7xx_hal_tim.o
    0x08005616   0x08005616   0x00000004   Code   RO          786    i.HardFault_Handler  stm32h7xx_it.o
    0x0800561a   0x0800561a   0x00000002   PAD
    0x0800561c   0x0800561c   0x000000ac   Code   RO           13    i.HardReset         myvs1053b.o
    0x080056c8   0x080056c8   0x0000008e   Code   RO          336    i.Highlighting      spi_ili9341.o
    0x08005756   0x08005756   0x00000002   PAD
    0x08005758   0x08005758   0x00000100   Code   RO          617    i.ILI9341_TouchGetCoordinates  xpt2046.o
    0x08005858   0x08005858   0x0000001c   Code   RO         6989    i.MX_FATFS_Init     fatfs.o
    0x08005874   0x08005874   0x000001ac   Code   RO          648    i.MX_GPIO_Init      main.o
    0x08005a20   0x08005a20   0x00000028   Code   RO          649    i.MX_SDMMC1_SD_Init  main.o
    0x08005a48   0x08005a48   0x00000064   Code   RO          650    i.MX_SPI4_Init      main.o
    0x08005aac   0x08005aac   0x00000004   Code   RO          787    i.MemManage_Handler  stm32h7xx_it.o
    0x08005ab0   0x08005ab0   0x00000004   Code   RO          788    i.NMI_Handler       stm32h7xx_it.o
    0x08005ab4   0x08005ab4   0x00000258   Code   RO          337    i.PrintScrolLine    spi_ili9341.o
    0x08005d0c   0x08005d0c   0x00000164   Code   RO         1253    i.RCCEx_PLL2_Config  stm32h7xx_hal_rcc_ex.o
    0x08005e70   0x08005e70   0x00000164   Code   RO         1254    i.RCCEx_PLL3_Config  stm32h7xx_hal_rcc_ex.o
    0x08005fd4   0x08005fd4   0x00000190   Code   RO          338    i.ReadFile          spi_ili9341.o
    0x08006164   0x08006164   0x00000010   Code   RO          789    i.SDMMC1_IRQHandler  stm32h7xx_it.o
    0x08006174   0x08006174   0x0000003a   Code   RO         3432    i.SDMMC_CmdAppCommand  stm32h7xx_ll_sdmmc.o
    0x080061ae   0x080061ae   0x00000034   Code   RO         3433    i.SDMMC_CmdAppOperCommand  stm32h7xx_ll_sdmmc.o
    0x080061e2   0x080061e2   0x00000038   Code   RO         3434    i.SDMMC_CmdBlockLength  stm32h7xx_ll_sdmmc.o
    0x0800621a   0x0800621a   0x0000003a   Code   RO         3435    i.SDMMC_CmdBusWidth  stm32h7xx_ll_sdmmc.o
    0x08006254   0x08006254   0x0000002c   Code   RO         3439    i.SDMMC_CmdGoIdleState  stm32h7xx_ll_sdmmc.o
    0x08006280   0x08006280   0x00000034   Code   RO         3441    i.SDMMC_CmdOperCond  stm32h7xx_ll_sdmmc.o
    0x080062b4   0x080062b4   0x0000003a   Code   RO         3442    i.SDMMC_CmdReadMultiBlock  stm32h7xx_ll_sdmmc.o
    0x080062ee   0x080062ee   0x0000003a   Code   RO         3443    i.SDMMC_CmdReadSingleBlock  stm32h7xx_ll_sdmmc.o
    0x08006328   0x08006328   0x0000003a   Code   RO         3446    i.SDMMC_CmdSelDesel  stm32h7xx_ll_sdmmc.o
    0x08006362   0x08006362   0x00000034   Code   RO         3447    i.SDMMC_CmdSendCID  stm32h7xx_ll_sdmmc.o
    0x08006396   0x08006396   0x00000034   Code   RO         3448    i.SDMMC_CmdSendCSD  stm32h7xx_ll_sdmmc.o
    0x080063ca   0x080063ca   0x0000003a   Code   RO         3450    i.SDMMC_CmdSendSCR  stm32h7xx_ll_sdmmc.o
    0x08006404   0x08006404   0x0000003a   Code   RO         3451    i.SDMMC_CmdSendStatus  stm32h7xx_ll_sdmmc.o
    0x0800643e   0x0800643e   0x0000003a   Code   RO         3452    i.SDMMC_CmdSetRelAdd  stm32h7xx_ll_sdmmc.o
    0x08006478   0x08006478   0x0000003a   Code   RO         3455    i.SDMMC_CmdStatusRegister  stm32h7xx_ll_sdmmc.o
    0x080064b2   0x080064b2   0x00000002   PAD
    0x080064b4   0x080064b4   0x0000005c   Code   RO         3456    i.SDMMC_CmdStopTransfer  stm32h7xx_ll_sdmmc.o
    0x08006510   0x08006510   0x0000003a   Code   RO         3459    i.SDMMC_CmdWriteMultiBlock  stm32h7xx_ll_sdmmc.o
    0x0800654a   0x0800654a   0x0000003a   Code   RO         3460    i.SDMMC_CmdWriteSingleBlock  stm32h7xx_ll_sdmmc.o
    0x08006584   0x08006584   0x0000002c   Code   RO         3461    i.SDMMC_ConfigData  stm32h7xx_ll_sdmmc.o
    0x080065b0   0x080065b0   0x00000044   Code   RO         3462    i.SDMMC_GetCmdError  stm32h7xx_ll_sdmmc.o
    0x080065f4   0x080065f4   0x000001b0   Code   RO         3463    i.SDMMC_GetCmdResp1  stm32h7xx_ll_sdmmc.o
    0x080067a4   0x080067a4   0x00000068   Code   RO         3464    i.SDMMC_GetCmdResp2  stm32h7xx_ll_sdmmc.o
    0x0800680c   0x0800680c   0x0000005c   Code   RO         3465    i.SDMMC_GetCmdResp3  stm32h7xx_ll_sdmmc.o
    0x08006868   0x08006868   0x000000bc   Code   RO         3466    i.SDMMC_GetCmdResp6  stm32h7xx_ll_sdmmc.o
    0x08006924   0x08006924   0x0000006c   Code   RO         3467    i.SDMMC_GetCmdResp7  stm32h7xx_ll_sdmmc.o
    0x08006990   0x08006990   0x00000008   Code   RO         3468    i.SDMMC_GetCommandResponse  stm32h7xx_ll_sdmmc.o
    0x08006998   0x08006998   0x0000000a   Code   RO         3471    i.SDMMC_GetPowerState  stm32h7xx_ll_sdmmc.o
    0x080069a2   0x080069a2   0x0000000c   Code   RO         3472    i.SDMMC_GetResponse  stm32h7xx_ll_sdmmc.o
    0x080069ae   0x080069ae   0x00000002   PAD
    0x080069b0   0x080069b0   0x00000034   Code   RO         3473    i.SDMMC_Init        stm32h7xx_ll_sdmmc.o
    0x080069e4   0x080069e4   0x0000000e   Code   RO         3476    i.SDMMC_PowerState_ON  stm32h7xx_ll_sdmmc.o
    0x080069f2   0x080069f2   0x00000008   Code   RO         3477    i.SDMMC_ReadFIFO    stm32h7xx_ll_sdmmc.o
    0x080069fa   0x080069fa   0x00000002   PAD
    0x080069fc   0x080069fc   0x0000002c   Code   RO         3478    i.SDMMC_SendCommand  stm32h7xx_ll_sdmmc.o
    0x08006a28   0x08006a28   0x0000000c   Code   RO         3480    i.SDMMC_WriteFIFO   stm32h7xx_ll_sdmmc.o
    0x08006a34   0x08006a34   0x00000028   Code   RO         6904    i.SD_CheckStatus    sd_diskio.o
    0x08006a5c   0x08006a5c   0x00000026   Code   RO         6905    i.SD_CheckStatusWithTimeout  sd_diskio.o
    0x08006a82   0x08006a82   0x00000002   PAD
    0x08006a84   0x08006a84   0x00000140   Code   RO         3811    i.SD_FindSCR        stm32h7xx_hal_sd.o
    0x08006bc4   0x08006bc4   0x0000010a   Code   RO         3813    i.SD_InitCard       stm32h7xx_hal_sd.o
    0x08006cce   0x08006cce   0x00000002   PAD
    0x08006cd0   0x08006cd0   0x000000cc   Code   RO         3815    i.SD_PowerON        stm32h7xx_hal_sd.o
    0x08006d9c   0x08006d9c   0x00000042   Code   RO         3816    i.SD_Read_IT        stm32h7xx_hal_sd.o
    0x08006dde   0x08006dde   0x00000002   PAD
    0x08006de0   0x08006de0   0x00000134   Code   RO         3817    i.SD_SendSDStatus   stm32h7xx_hal_sd.o
    0x08006f14   0x08006f14   0x00000030   Code   RO         3818    i.SD_SendStatus     stm32h7xx_hal_sd.o
    0x08006f44   0x08006f44   0x00000068   Code   RO         3819    i.SD_WideBus_Disable  stm32h7xx_hal_sd.o
    0x08006fac   0x08006fac   0x00000068   Code   RO         3820    i.SD_WideBus_Enable  stm32h7xx_hal_sd.o
    0x08007014   0x08007014   0x00000052   Code   RO         3821    i.SD_Write_IT       stm32h7xx_hal_sd.o
    0x08007066   0x08007066   0x00000002   PAD
    0x08007068   0x08007068   0x0000006c   Code   RO         6906    i.SD_initialize     sd_diskio.o
    0x080070d4   0x080070d4   0x0000006c   Code   RO         6907    i.SD_ioctl          sd_diskio.o
    0x08007140   0x08007140   0x00000084   Code   RO         6908    i.SD_read           sd_diskio.o
    0x080071c4   0x080071c4   0x0000000c   Code   RO         6909    i.SD_status         sd_diskio.o
    0x080071d0   0x080071d0   0x00000080   Code   RO         6910    i.SD_write          sd_diskio.o
    0x08007250   0x08007250   0x00000178   Code   RO          249    i.SPI1InitSimplexTransmitterV2  myspi.o
    0x080073c8   0x080073c8   0x00000064   Code   RO          251    i.SPI1_DMA_TransmitV2  myspi.o
    0x0800742c   0x0800742c   0x000001d4   Code   RO          252    i.SPI2InitSimplexTransmitter  myspi.o
    0x08007600   0x08007600   0x000000c0   Code   RO          253    i.SPI2_DMA_TransmitIT  myspi.o
    0x080076c0   0x080076c0   0x000000d6   Code   RO         4116    i.SPI_CloseTransfer  stm32h7xx_hal_spi.o
    0x08007796   0x08007796   0x0000001a   Code   RO         4127    i.SPI_GetPacketSize  stm32h7xx_hal_spi.o
    0x080077b0   0x080077b0   0x00000040   Code   RO         4134    i.SPI_WaitOnFlagUntilTimeout  stm32h7xx_hal_spi.o
    0x080077f0   0x080077f0   0x00000028   Code   RO           16    i.SoftReset         myvs1053b.o
    0x08007818   0x08007818   0x00000408   Code   RO          651    i.StartDefaultTask  main.o
    0x08007c20   0x08007c20   0x000002fc   Code   RO          652    i.StartTask02       main.o
    0x08007f1c   0x08007f1c   0x00000b9c   Code   RO          653    i.StartTask03       main.o
    0x08008ab8   0x08008ab8   0x00000034   Code   RO         6708    i.SysTick_Handler   port.o
    0x08008aec   0x08008aec   0x000000e8   Code   RO          654    i.SystemClock_Config  main.o
    0x08008bd4   0x08008bd4   0x000000fc   Code   RO         5433    i.SystemInit        system_stm32h7xx.o
    0x08008cd0   0x08008cd0   0x0000019c   Code   RO          340    i.TFT9341_DrawCharToBuf  spi_ili9341.o
    0x08008e6c   0x08008e6c   0x0000023c   Code   RO          341    i.TFT9341_DrawCharToBufFM  spi_ili9341.o
    0x080090a8   0x080090a8   0x0000003c   Code   RO          348    i.TFT9341_FontsIni  spi_ili9341.o
    0x080090e4   0x080090e4   0x00000038   Code   RO          351    i.TFT9341_SendCommand  spi_ili9341.o
    0x0800911c   0x0800911c   0x0000007c   Code   RO          353    i.TFT9341_SendFrameBuf  spi_ili9341.o
    0x08009198   0x08009198   0x0000005e   Code   RO          354    i.TFT9341_SetAddrWindow  spi_ili9341.o
    0x080091f6   0x080091f6   0x00000002   PAD
    0x080091f8   0x080091f8   0x0000000c   Code   RO          355    i.TFT9341_SetBackColor  spi_ili9341.o
    0x08009204   0x08009204   0x0000000c   Code   RO          356    i.TFT9341_SetFont   spi_ili9341.o
    0x08009210   0x08009210   0x0000000c   Code   RO          358    i.TFT9341_SetTextColor  spi_ili9341.o
    0x0800921c   0x0800921c   0x0000003c   Code   RO          360    i.TFT9341_StringToBuf  spi_ili9341.o
    0x08009258   0x08009258   0x0000008c   Code   RO          361    i.TFT9341_StringToBufFM  spi_ili9341.o
    0x080092e4   0x080092e4   0x00000058   Code   RO          362    i.TFT9341_WriteData  spi_ili9341.o
    0x0800933c   0x0800933c   0x000002cc   Code   RO          363    i.TFT9341_ini       spi_ili9341.o
    0x08009608   0x08009608   0x00000024   Code   RO          364    i.TFT9341_reset     spi_ili9341.o
    0x0800962c   0x0800962c   0x00000010   Code   RO          790    i.TIM1_UP_IRQHandler  stm32h7xx_it.o
    0x0800963c   0x0800963c   0x000000cc   Code   RO         4509    i.TIM_Base_SetConfig  stm32h7xx_hal_tim.o
    0x08009708   0x08009708   0x00000004   Code   RO          791    i.UsageFault_Handler  stm32h7xx_it.o
    0x0800970c   0x0800970c   0x00000118   Code   RO           18    i.WriteSCI_Reg16    myvs1053b.o
    0x08009824   0x08009824   0x00000118   Code   RO           19    i.WriteSCI_RegV2    myvs1053b.o
    0x0800993c   0x0800993c   0x0000003c   Code   RO          254    i.__NVIC_DisableIRQ  myspi.o
    0x08009978   0x08009978   0x00000010   Code   RO          998    i.__NVIC_GetPriorityGrouping  stm32h7xx_hal_cortex.o
    0x08009988   0x08009988   0x00000028   Code   RO          999    i.__NVIC_SetPriority  stm32h7xx_hal_cortex.o
    0x080099b0   0x080099b0   0x0000009a   Code   RO         7081    i.change_bitmap     ff.o
    0x08009a4a   0x08009a4a   0x00000002   PAD
    0x08009a4c   0x08009a4c   0x0000009c   Code   RO         7082    i.check_fs          ff.o
    0x08009ae8   0x08009ae8   0x00000014   Code   RO         7083    i.chk_chr           ff.o
    0x08009afc   0x08009afc   0x0000007c   Code   RO         7084    i.chk_lock          ff.o
    0x08009b78   0x08009b78   0x00000028   Code   RO         7085    i.clear_lock        ff.o
    0x08009ba0   0x08009ba0   0x00000056   Code   RO         7086    i.clmt_clust        ff.o
    0x08009bf6   0x08009bf6   0x0000001a   Code   RO         7087    i.clust2sect        ff.o
    0x08009c10   0x08009c10   0x00000098   Code   RO         7088    i.cmp_lfn           ff.o
    0x08009ca8   0x08009ca8   0x00000188   Code   RO         7089    i.create_chain      ff.o
    0x08009e30   0x08009e30   0x00000230   Code   RO         7090    i.create_name       ff.o
    0x0800a060   0x0800a060   0x00000092   Code   RO         7091    i.create_xdir       ff.o
    0x0800a0f2   0x0800a0f2   0x00000002   PAD
    0x0800a0f4   0x0800a0f4   0x00000044   Code   RO         7092    i.dec_lock          ff.o
    0x0800a138   0x0800a138   0x0000007c   Code   RO         7093    i.dir_alloc         ff.o
    0x0800a1b4   0x0800a1b4   0x000001a8   Code   RO         7094    i.dir_find          ff.o
    0x0800a35c   0x0800a35c   0x0000012e   Code   RO         7095    i.dir_next          ff.o
    0x0800a48a   0x0800a48a   0x000000f8   Code   RO         7096    i.dir_read          ff.o
    0x0800a582   0x0800a582   0x0000021e   Code   RO         7097    i.dir_register      ff.o
    0x0800a7a0   0x0800a7a0   0x000000b6   Code   RO         7099    i.dir_sdi           ff.o
    0x0800a856   0x0800a856   0x00000002   PAD
    0x0800a858   0x0800a858   0x0000002c   Code   RO         7026    i.disk_initialize   diskio.o
    0x0800a884   0x0800a884   0x00000028   Code   RO         7027    i.disk_ioctl        diskio.o
    0x0800a8ac   0x0800a8ac   0x00000030   Code   RO         7028    i.disk_read         diskio.o
    0x0800a8dc   0x0800a8dc   0x0000001c   Code   RO         7029    i.disk_status       diskio.o
    0x0800a8f8   0x0800a8f8   0x00000030   Code   RO         7030    i.disk_write        diskio.o
    0x0800a928   0x0800a928   0x00000028   Code   RO         7100    i.enq_lock          ff.o
    0x0800a950   0x0800a950   0x00000034   Code   RO         7101    i.f_close           ff.o
    0x0800a984   0x0800a984   0x0000002e   Code   RO         7102    i.f_closedir        ff.o
    0x0800a9b2   0x0800a9b2   0x00000002   PAD
    0x0800a9b4   0x0800a9b4   0x00000084   Code   RO         7110    i.f_mount           ff.o
    0x0800aa38   0x0800aa38   0x00000454   Code   RO         7111    i.f_open            ff.o
    0x0800ae8c   0x0800ae8c   0x0000010e   Code   RO         7112    i.f_opendir         ff.o
    0x0800af9a   0x0800af9a   0x000002a0   Code   RO         7116    i.f_read            ff.o
    0x0800b23a   0x0800b23a   0x00000072   Code   RO         7117    i.f_readdir         ff.o
    0x0800b2ac   0x0800b2ac   0x000001cc   Code   RO         7120    i.f_sync            ff.o
    0x0800b478   0x0800b478   0x0000004c   Code   RO         7663    i.ff_convert        ccsbcs.o
    0x0800b4c4   0x0800b4c4   0x00000026   Code   RO         7615    i.ff_cre_syncobj    syscall.o
    0x0800b4ea   0x0800b4ea   0x0000000e   Code   RO         7616    i.ff_del_syncobj    syscall.o
    0x0800b4f8   0x0800b4f8   0x0000000c   Code   RO         7617    i.ff_rel_grant      syscall.o
    0x0800b504   0x0800b504   0x00000018   Code   RO         7618    i.ff_req_grant      syscall.o
    0x0800b51c   0x0800b51c   0x000000a4   Code   RO         7664    i.ff_wtoupper       ccsbcs.o
    0x0800b5c0   0x0800b5c0   0x00000036   Code   RO         7124    i.fill_first_frag   ff.o
    0x0800b5f6   0x0800b5f6   0x00000044   Code   RO         7125    i.fill_last_frag    ff.o
    0x0800b63a   0x0800b63a   0x000000b8   Code   RO         7126    i.find_bitmap       ff.o
    0x0800b6f2   0x0800b6f2   0x00000002   PAD
    0x0800b6f4   0x0800b6f4   0x000004c8   Code   RO         7127    i.find_volume       ff.o
    0x0800bbbc   0x0800bbbc   0x000000ee   Code   RO         7128    i.follow_path       ff.o
    0x0800bcaa   0x0800bcaa   0x00000002   PAD
    0x0800bcac   0x0800bcac   0x000000b4   Code   RO         7129    i.gen_numname       ff.o
    0x0800bd60   0x0800bd60   0x000001fa   Code   RO         7131    i.get_fat           ff.o
    0x0800bf5a   0x0800bf5a   0x00000004   Code   RO         6990    i.get_fattime       fatfs.o
    0x0800bf5e   0x0800bf5e   0x0000015a   Code   RO         7132    i.get_fileinfo      ff.o
    0x0800c0b8   0x0800c0b8   0x00000048   Code   RO         7133    i.get_ldnumber      ff.o
    0x0800c100   0x0800c100   0x000000a4   Code   RO         7134    i.get_xdir_info     ff.o
    0x0800c1a4   0x0800c1a4   0x00000010   Code   RO         6271    i.inHandlerMode     cmsis_os.o
    0x0800c1b4   0x0800c1b4   0x000000bc   Code   RO         7135    i.inc_lock          ff.o
    0x0800c270   0x0800c270   0x00000026   Code   RO         7136    i.ld_clust          ff.o
    0x0800c296   0x0800c296   0x00000018   Code   RO         7137    i.ld_dword          ff.o
    0x0800c2ae   0x0800c2ae   0x00000062   Code   RO         7138    i.ld_qword          ff.o
    0x0800c310   0x0800c310   0x0000000c   Code   RO         7139    i.ld_word           ff.o
    0x0800c31c   0x0800c31c   0x0000003c   Code   RO         7140    i.load_obj_dir      ff.o
    0x0800c358   0x0800c358   0x00000102   Code   RO         7141    i.load_xdir         ff.o
    0x0800c45a   0x0800c45a   0x00000016   Code   RO         7142    i.lock_fs           ff.o
    0x0800c470   0x0800c470   0x00000078   Code   RO          655    i.main              main.o
    0x0800c4e8   0x0800c4e8   0x0000000e   Code   RO         6273    i.makeFreeRtosPriority  cmsis_os.o
    0x0800c4f6   0x0800c4f6   0x00000024   Code   RO         7143    i.mem_cmp           ff.o
    0x0800c51a   0x0800c51a   0x0000001a   Code   RO         7144    i.mem_cpy           ff.o
    0x0800c534   0x0800c534   0x00000012   Code   RO         7145    i.mem_set           ff.o
    0x0800c546   0x0800c546   0x00000034   Code   RO         7146    i.move_window       ff.o
    0x0800c57a   0x0800c57a   0x00000018   Code   RO         6275    i.osDelay           cmsis_os.o
    0x0800c592   0x0800c592   0x00000012   Code   RO         6277    i.osKernelRunning   cmsis_os.o
    0x0800c5a4   0x0800c5a4   0x0000000a   Code   RO         6278    i.osKernelStart     cmsis_os.o
    0x0800c5ae   0x0800c5ae   0x00000014   Code   RO         6279    i.osKernelSysTick   cmsis_os.o
    0x0800c5c2   0x0800c5c2   0x00000028   Code   RO         6287    i.osMessageCreate   cmsis_os.o
    0x0800c5ea   0x0800c5ea   0x00000002   PAD
    0x0800c5ec   0x0800c5ec   0x0000009c   Code   RO         6289    i.osMessageGet      cmsis_os.o
    0x0800c688   0x0800c688   0x00000060   Code   RO         6291    i.osMessagePut      cmsis_os.o
    0x0800c6e8   0x0800c6e8   0x0000004a   Code   RO         6304    i.osSemaphoreCreate  cmsis_os.o
    0x0800c732   0x0800c732   0x00000018   Code   RO         6305    i.osSemaphoreDelete  cmsis_os.o
    0x0800c74a   0x0800c74a   0x00000002   PAD
    0x0800c74c   0x0800c74c   0x00000050   Code   RO         6307    i.osSemaphoreRelease  cmsis_os.o
    0x0800c79c   0x0800c79c   0x00000068   Code   RO         6308    i.osSemaphoreWait   cmsis_os.o
    0x0800c804   0x0800c804   0x0000005e   Code   RO         6312    i.osThreadCreate    cmsis_os.o
    0x0800c862   0x0800c862   0x00000002   PAD
    0x0800c864   0x0800c864   0x00000088   Code   RO         7148    i.pick_lfn          ff.o
    0x0800c8ec   0x0800c8ec   0x00000098   Code   RO         5944    i.prvAddCurrentTaskToDelayedList  tasks.o
    0x0800c984   0x0800c984   0x000000b4   Code   RO         5945    i.prvAddNewTaskToReadyList  tasks.o
    0x0800ca38   0x0800ca38   0x00000048   Code   RO         5946    i.prvCheckTasksWaitingTermination  tasks.o
    0x0800ca80   0x0800ca80   0x0000002a   Code   RO         5610    i.prvCopyDataFromQueue  queue.o
    0x0800caaa   0x0800caaa   0x0000007e   Code   RO         5611    i.prvCopyDataToQueue  queue.o
    0x0800cb28   0x0800cb28   0x00000050   Code   RO         5947    i.prvDeleteTCB      tasks.o
    0x0800cb78   0x0800cb78   0x00000014   Code   RO         5612    i.prvGetDisinheritPriorityAfterTimeout  queue.o
    0x0800cb8c   0x0800cb8c   0x0000007c   Code   RO         6640    i.prvHeapInit       heap_4.o
    0x0800cc08   0x0800cc08   0x00000028   Code   RO         5948    i.prvIdleTask       tasks.o
    0x0800cc30   0x0800cc30   0x00000026   Code   RO         5614    i.prvInitialiseNewQueue  queue.o
    0x0800cc56   0x0800cc56   0x000000b4   Code   RO         5949    i.prvInitialiseNewTask  tasks.o
    0x0800cd0a   0x0800cd0a   0x00000002   PAD
    0x0800cd0c   0x0800cd0c   0x00000068   Code   RO         5950    i.prvInitialiseTaskLists  tasks.o
    0x0800cd74   0x0800cd74   0x00000068   Code   RO         6641    i.prvInsertBlockIntoFreeList  heap_4.o
    0x0800cddc   0x0800cddc   0x0000001a   Code   RO         5615    i.prvIsQueueEmpty   queue.o
    0x0800cdf6   0x0800cdf6   0x0000001e   Code   RO         5616    i.prvIsQueueFull    queue.o
    0x0800ce14   0x0800ce14   0x00000034   Code   RO         5951    i.prvResetNextTaskUnblockTime  tasks.o
    0x0800ce48   0x0800ce48   0x00000040   Code   RO         6709    i.prvTaskExitError  port.o
    0x0800ce88   0x0800ce88   0x0000007e   Code   RO         5617    i.prvUnlockQueue    queue.o
    0x0800cf06   0x0800cf06   0x0000019e   Code   RO         7149    i.put_fat           ff.o
    0x0800d0a4   0x0800d0a4   0x00000080   Code   RO         7150    i.put_lfn           ff.o
    0x0800d124   0x0800d124   0x0000014c   Code   RO         6642    i.pvPortMalloc      heap_4.o
    0x0800d270   0x0800d270   0x00000020   Code   RO         5953    i.pvTaskIncrementMutexHeldCount  tasks.o
    0x0800d290   0x0800d290   0x0000002c   Code   RO         6710    i.pxPortInitialiseStack  port.o
    0x0800d2bc   0x0800d2bc   0x0000010e   Code   RO         7154    i.remove_chain      ff.o
    0x0800d3ca   0x0800d3ca   0x00000024   Code   RO         7155    i.st_clust          ff.o
    0x0800d3ee   0x0800d3ee   0x00000018   Code   RO         7156    i.st_dword          ff.o
    0x0800d406   0x0800d406   0x0000005c   Code   RO         7157    i.st_qword          ff.o
    0x0800d462   0x0800d462   0x0000000c   Code   RO         7158    i.st_word           ff.o
    0x0800d46e   0x0800d46e   0x00000072   Code   RO         7159    i.store_xdir        ff.o
    0x0800d4e0   0x0800d4e0   0x00000020   Code   RO         7160    i.sum_sfn           ff.o
    0x0800d500   0x0800d500   0x00000090   Code   RO         7161    i.sync_fs           ff.o
    0x0800d590   0x0800d590   0x00000052   Code   RO         7162    i.sync_window       ff.o
    0x0800d5e2   0x0800d5e2   0x0000001c   Code   RO         7163    i.unlock_fs         ff.o
    0x0800d5fe   0x0800d5fe   0x00000028   Code   RO         5570    i.uxListRemove      list.o
    0x0800d626   0x0800d626   0x00000002   PAD
    0x0800d628   0x0800d628   0x00000018   Code   RO          749    i.vApplicationGetIdleTaskMemory  freertos.o
    0x0800d640   0x0800d640   0x0000001a   Code   RO         5571    i.vListInitialise   list.o
    0x0800d65a   0x0800d65a   0x00000006   Code   RO         5572    i.vListInitialiseItem  list.o
    0x0800d660   0x0800d660   0x00000034   Code   RO         5573    i.vListInsert       list.o
    0x0800d694   0x0800d694   0x00000018   Code   RO         5574    i.vListInsertEnd    list.o
    0x0800d6ac   0x0800d6ac   0x00000054   Code   RO         6712    i.vPortEnterCritical  port.o
    0x0800d700   0x0800d700   0x0000003c   Code   RO         6713    i.vPortExitCritical  port.o
    0x0800d73c   0x0800d73c   0x000000a4   Code   RO         6643    i.vPortFree         heap_4.o
    0x0800d7e0   0x0800d7e0   0x00000028   Code   RO         6714    i.vPortSetupTimerInterrupt  port.o
    0x0800d808   0x0800d808   0x00000078   Code   RO         6715    i.vPortValidateInterruptPriority  port.o
    0x0800d880   0x0800d880   0x00000032   Code   RO         5622    i.vQueueDelete      queue.o
    0x0800d8b2   0x0800d8b2   0x00000002   PAD
    0x0800d8b4   0x0800d8b4   0x00000030   Code   RO         5623    i.vQueueUnregisterQueue  queue.o
    0x0800d8e4   0x0800d8e4   0x0000005c   Code   RO         5960    i.vTaskDelay        tasks.o
    0x0800d940   0x0800d940   0x00000018   Code   RO         5963    i.vTaskInternalSetTimeOutState  tasks.o
    0x0800d958   0x0800d958   0x0000000c   Code   RO         5964    i.vTaskMissedYield  tasks.o
    0x0800d964   0x0800d964   0x00000038   Code   RO         5966    i.vTaskPlaceOnEventList  tasks.o
    0x0800d99c   0x0800d99c   0x000000e4   Code   RO         5968    i.vTaskPriorityDisinheritAfterTimeout  tasks.o
    0x0800da80   0x0800da80   0x000000b0   Code   RO         5973    i.vTaskStartScheduler  tasks.o
    0x0800db30   0x0800db30   0x00000010   Code   RO         5975    i.vTaskSuspendAll   tasks.o
    0x0800db40   0x0800db40   0x0000008c   Code   RO         5976    i.vTaskSwitchContext  tasks.o
    0x0800dbcc   0x0800dbcc   0x00000052   Code   RO         7164    i.validate          ff.o
    0x0800dc1e   0x0800dc1e   0x00000002   PAD
    0x0800dc20   0x0800dc20   0x00000168   Code   RO         6716    i.xPortStartScheduler  port.o
    0x0800dd88   0x0800dd88   0x0000005a   Code   RO         5626    i.xQueueGenericCreate  queue.o
    0x0800dde2   0x0800dde2   0x000000e0   Code   RO         5627    i.xQueueGenericCreateStatic  queue.o
    0x0800dec2   0x0800dec2   0x00000002   PAD
    0x0800dec4   0x0800dec4   0x00000098   Code   RO         5628    i.xQueueGenericReset  queue.o
    0x0800df5c   0x0800df5c   0x000001a8   Code   RO         5629    i.xQueueGenericSend  queue.o
    0x0800e104   0x0800e104   0x000000fc   Code   RO         5630    i.xQueueGenericSendFromISR  queue.o
    0x0800e200   0x0800e200   0x000000e0   Code   RO         5631    i.xQueueGiveFromISR  queue.o
    0x0800e2e0   0x0800e2e0   0x00000168   Code   RO         5636    i.xQueueReceive     queue.o
    0x0800e448   0x0800e448   0x000000ca   Code   RO         5637    i.xQueueReceiveFromISR  queue.o
    0x0800e512   0x0800e512   0x00000002   PAD
    0x0800e514   0x0800e514   0x000001b8   Code   RO         5638    i.xQueueSemaphoreTake  queue.o
    0x0800e6cc   0x0800e6cc   0x0000008c   Code   RO         5978    i.xTaskCheckForTimeOut  tasks.o
    0x0800e758   0x0800e758   0x00000064   Code   RO         5979    i.xTaskCreate       tasks.o
    0x0800e7bc   0x0800e7bc   0x000000ba   Code   RO         5980    i.xTaskCreateStatic  tasks.o
    0x0800e876   0x0800e876   0x00000002   PAD
    0x0800e878   0x0800e878   0x00000020   Code   RO         5984    i.xTaskGetSchedulerState  tasks.o
    0x0800e898   0x0800e898   0x0000000c   Code   RO         5985    i.xTaskGetTickCount  tasks.o
    0x0800e8a4   0x0800e8a4   0x00000014   Code   RO         5986    i.xTaskGetTickCountFromISR  tasks.o
    0x0800e8b8   0x0800e8b8   0x00000148   Code   RO         5987    i.xTaskIncrementTick  tasks.o
    0x0800ea00   0x0800ea00   0x000000c8   Code   RO         5990    i.xTaskPriorityDisinherit  tasks.o
    0x0800eac8   0x0800eac8   0x000000b8   Code   RO         5991    i.xTaskPriorityInherit  tasks.o
    0x0800eb80   0x0800eb80   0x00000098   Code   RO         5992    i.xTaskRemoveFromEventList  tasks.o
    0x0800ec18   0x0800ec18   0x00000104   Code   RO         5993    i.xTaskResumeAll    tasks.o
    0x0800ed1c   0x0800ed1c   0x0000003a   Code   RO         7165    i.xdir_sum          ff.o
    0x0800ed56   0x0800ed56   0x0000004c   Code   RO         7166    i.xname_sum         ff.o
    0x0800eda2   0x0800eda2   0x0000000a   Code   RO         7817    x$fpl$fpinit        fz_wv.l(fpinit.o)
    0x0800edac   0x0800edac   0x00002e3c   Data   RO          365    .constdata          spi_ili9341.o
    0x08011be8   0x08011be8   0x00000004   Data   RO          618    .constdata          xpt2046.o
    0x08011bec   0x08011bec   0x00005964   Data   RO          657    .constdata          main.o
    0x08017550   0x08017550   0x00000010   Data   RO         5434    .constdata          system_stm32h7xx.o
    0x08017560   0x08017560   0x00000024   Data   RO         6911    .constdata          sd_diskio.o
    0x08017584   0x08017584   0x000000aa   Data   RO         7169    .constdata          ff.o
    0x0801762e   0x0801762e   0x000003ae   Data   RO         7665    .constdata          ccsbcs.o
    0x080179dc   0x080179dc   0x00000024   Data   RO          658    .conststring        main.o
    0x08017a00   0x08017a00   0x00000020   Data   RO         7875    Region$$Table       anon$$obj.o


    Execution Region RW_IRAM1 (Exec base: 0x20000000, Load base: 0x08017a20, Size: 0x00000000, Max: 0x00020000, ABSOLUTE)

    **** No section assigned to this execution region ****


    Execution Region RW_IRAM2 (Exec base: 0x24000000, Load base: 0x08017a20, Size: 0x0003a568, Max: 0x00080000, ABSOLUTE, COMPRESSED[0x00000068])

    Exec Addr    Load Addr    Size         Type   Attr      Idx    E Section Name        Object

    0x24000000   COMPRESSED   0x00000009   Data   RW          255    .data               myspi.o
    0x24000009   COMPRESSED   0x00000003   PAD
    0x2400000c   COMPRESSED   0x00000028   Data   RW          366    .data               spi_ili9341.o
    0x24000034   COMPRESSED   0x00000004   PAD
    0x24000038   COMPRESSED   0x00000f8f   Data   RW          659    .data               main.o
    0x24000fc7   COMPRESSED   0x00000001   PAD
    0x24000fc8   COMPRESSED   0x00000009   Data   RW         2580    .data               stm32h7xx_hal.o
    0x24000fd1   COMPRESSED   0x00000003   PAD
    0x24000fd4   COMPRESSED   0x00000008   Data   RW         5435    .data               system_stm32h7xx.o
    0x24000fdc   COMPRESSED   0x0000003c   Data   RW         5996    .data               tasks.o
    0x24001018   COMPRESSED   0x00000020   Data   RW         6649    .data               heap_4.o
    0x24001038   COMPRESSED   0x0000000c   Data   RW         6717    .data               port.o
    0x24001044   COMPRESSED   0x00000008   Data   RW         6912    .data               sd_diskio.o
    0x2400104c   COMPRESSED   0x00000005   Data   RW         6992    .data               fatfs.o
    0x24001051   COMPRESSED   0x00000003   PAD
    0x24001054   COMPRESSED   0x00000006   Data   RW         7170    .data               ff.o
    0x2400105a   COMPRESSED   0x00000002   PAD
    0x2400105c        -       0x00026904   Zero   RW          656    .bss                main.o
    0x24027960        -       0x00000254   Zero   RW          750    .bss                freertos.o
    0x24027bb4        -       0x0000004c   Zero   RW          910    .bss                stm32h7xx_hal_timebase_tim.o
    0x24027c00        -       0x00000040   Zero   RW         5639    .bss                queue.o
    0x24027c40        -       0x000000f0   Zero   RW         5995    .bss                tasks.o
    0x24027d30        -       0x00007710   Zero   RW         6648    .bss                heap_4.o
    0x2402f440        -       0x00002098   Zero   RW         6991    .bss                fatfs.o
    0x240314d8        -       0x00000020   Zero   RW         7168    .bss                ff.o
    0x240314f8        -       0x0000000c   Zero   RW         7569    .bss                ff_gen_drv.o
    0x24031504        -       0x00000060   Zero   RW         7747    .bss                c_w.l(libspace.o)
    0x24031564   COMPRESSED   0x00000004   PAD
    0x24031568        -       0x00006000   Zero   RW            2    HEAP                startup_stm32h750xx.o
    0x24037568        -       0x00003000   Zero   RW            1    STACK               startup_stm32h750xx.o


==============================================================================

Image component sizes


      Code (inc. data)   RO Data    RW Data    ZI Data      Debug   Object Name

       204         26          0          0          0       5269   bsp_driver_sd.o
       240         24        942          0          0       2255   ccsbcs.o
       770         18          0          0          0      35902   cmsis_os.o
       208         24          0          0          0       3973   diskio.o
         0          0          0          0          0      19892   event_groups.o
        32         12          0          5       8344       1600   fatfs.o
     12236        126        170          6         32      62793   ff.o
       102          6          0          0         12       1647   ff_gen_drv.o
        24         10          0          0        596       1336   freertos.o
       724         74          0         32      30480       7463   heap_4.o
       148          0          0          0          0       3634   list.o
      5718        458      22920       3983     157956      13544   main.o
         0          0          0          0          0        348   mycommonfcs.o
      1196         84          0          9          0      39602   myspi.o
       772         46          0          0          0    1340557   myvs1053b.o
      1014         92          0         12          0      12045   port.o
      2874         24          0          0         64      23431   queue.o
       606         44         36          8          0       9477   sd_diskio.o
      5990        248      11836         40          0      34557   spi_ili9341.o
        64         26        664          0      36864        836   startup_stm32h750xx.o
       184         38          0          9          0      22645   stm32h7xx_hal.o
       258         22          0          0          0      39214   stm32h7xx_hal_cortex.o
       536         52          0          0          0       2867   stm32h7xx_hal_gpio.o
       496         36          0          0          0       2585   stm32h7xx_hal_msp.o
        96          6          0          0          0        765   stm32h7xx_hal_pwr_ex.o
      3624        108          0          0          0       7010   stm32h7xx_hal_rcc.o
      7220        180          0          0          0      10603   stm32h7xx_hal_rcc_ex.o
      4140         66          0          0          0      20636   stm32h7xx_hal_sd.o
      2424         12          0          0          0       6928   stm32h7xx_hal_spi.o
       944         68          0          0          0       6514   stm32h7xx_hal_tim.o
         6          0          0          0          0       2240   stm32h7xx_hal_tim_ex.o
       148         20          0          0         76       1571   stm32h7xx_hal_timebase_tim.o
       122         28          0          0          0       4244   stm32h7xx_it.o
      2234         66          0          0          0      25154   stm32h7xx_ll_sdmmc.o
         0          0          0          0          0        392   stream_buffer.o
        88          0          0          0          0       3564   syscall.o
       252         40         16          8          0       1378   system_stm32h7xx.o
      3250        380          0         60        240      29516   tasks.o
       256         22          4          0          0       1546   xpt2046.o

    ----------------------------------------------------------------------
     59270       2486      36620       4188     234664    1809533   Object Totals
         0          0         32          0          0          0   (incl. Generated)
        70          0          0         16          0          0   (incl. Padding)

    ----------------------------------------------------------------------

      Code (inc. data)   RO Data    RW Data    ZI Data      Debug   Library Member Name

        90          0          0          0          0          0   __dczerorl2.o
         8          0          0          0          0         68   __main.o
         0          0          0          0          0          0   __rtentry.o
        12          0          0          0          0          0   __rtentry2.o
         6          0          0          0          0          0   __rtentry4.o
        52          8          0          0          0          0   __scatter.o
        28          0          0          0          0          0   __scatter_zi.o
        18          0          0          0          0         80   exit.o
         6          0          0          0          0        152   heapauxi.o
         0          0          0          0          0          0   indicate_semi.o
         2          0          0          0          0          0   libinit.o
         6          0          0          0          0          0   libinit2.o
         2          0          0          0          0          0   libshutdown.o
         2          0          0          0          0          0   libshutdown2.o
         8          4          0          0         96         68   libspace.o
       238          0          0          0          0        100   lludivv7m.o
        78          0          0          0          0         80   rt_memclr_w.o
       138          0          0          0          0         68   rt_memcpy_v6.o
       100          0          0          0          0         80   rt_memcpy_w.o
         2          0          0          0          0          0   rtexit.o
        10          0          0          0          0          0   rtexit2.o
        12          4          0          0          0         68   sys_exit.o
        74          0          0          0          0         80   sys_stackheap_outer.o
         2          0          0          0          0         68   use_no_semi.o
        10          0          0          0          0        116   fpinit.o

    ----------------------------------------------------------------------
       910         16          0          0        100       1028   Library Totals
         6          0          0          0          4          0   (incl. Padding)

    ----------------------------------------------------------------------

      Code (inc. data)   RO Data    RW Data    ZI Data      Debug   Library Name

       894         16          0          0         96        912   c_w.l
        10          0          0          0          0        116   fz_wv.l

    ----------------------------------------------------------------------
       910         16          0          0        100       1028   Library Totals

    ----------------------------------------------------------------------

==============================================================================


      Code (inc. data)   RO Data    RW Data    ZI Data      Debug   

     60180       2502      36620       4188     234764    1776997   Grand Totals
     60180       2502      36620        104     234764    1776997   ELF Image Totals (compressed)
     60180       2502      36620        104          0          0   ROM Totals

==============================================================================

    Total RO  Size (Code + RO Data)                96800 (  94.53kB)
    Total RW  Size (RW Data + ZI Data)            238952 ( 233.35kB)
    Total ROM Size (Code + RO Data + RW Data)      96904 (  94.63kB)

==============================================================================

